<?xml version="1.0" encoding="ISO-8859-1" ?>
<link_info>
   <banner>TI ARM Linker Unix v20.2.4.LTS</banner>
   <copyright>Copyright (c) 1996-2018 Texas Instruments Incorporated</copyright>
   <link_time>0x604525f5</link_time>
   <link_errors>0x0</link_errors>
   <output_file>Reap_Eat_V3.out</output_file>
   <entry_point>
      <name>_c_int00_noargs</name>
      <address>0x16b1</address>
   </entry_point>
   <input_file_list>
      <input_file id="fl-2">
         <path>./</path>
         <kind>object</kind>
         <file>main.obj</file>
         <name>main.obj</name>
      </input_file>
      <input_file id="fl-3">
         <path>./</path>
         <kind>object</kind>
         <file>tm4c123gh6pm_startup_ccs.obj</file>
         <name>tm4c123gh6pm_startup_ccs.obj</name>
      </input_file>
      <input_file id="fl-4">
         <path>./DRIVERS/DRV_GPIO/</path>
         <kind>object</kind>
         <file>DRV_Gpio.obj</file>
         <name>DRV_Gpio.obj</name>
      </input_file>
      <input_file id="fl-5">
         <path>./DRIVERS/DRV_INITIALIZATION/</path>
         <kind>object</kind>
         <file>DRV_Initialization.obj</file>
         <name>DRV_Initialization.obj</name>
      </input_file>
      <input_file id="fl-6">
         <path>./DRIVERS/DRV_PWM/</path>
         <kind>object</kind>
         <file>DRV_Pwm.obj</file>
         <name>DRV_Pwm.obj</name>
      </input_file>
      <input_file id="fl-7">
         <path>./DRIVERS/DRV_UART/</path>
         <kind>object</kind>
         <file>DRV_Uart.obj</file>
         <name>DRV_Uart.obj</name>
      </input_file>
      <input_file id="fl-8">
         <path>./HARDWARE/HW_BUZZER/</path>
         <kind>object</kind>
         <file>HW_Buzzer.obj</file>
         <name>HW_Buzzer.obj</name>
      </input_file>
      <input_file id="fl-9">
         <path>./HARDWARE/HW_COMMUNICATION/</path>
         <kind>object</kind>
         <file>HW_Communication.obj</file>
         <name>HW_Communication.obj</name>
      </input_file>
      <input_file id="fl-a">
         <path>./HARDWARE/HW_COOLER/</path>
         <kind>object</kind>
         <file>HW_Cooler.obj</file>
         <name>HW_Cooler.obj</name>
      </input_file>
      <input_file id="fl-b">
         <path>./HARDWARE/HW_DEBUG_COM/</path>
         <kind>object</kind>
         <file>HW_Debug_Com.obj</file>
         <name>HW_Debug_Com.obj</name>
      </input_file>
      <input_file id="fl-c">
         <path>./HARDWARE/HW_DOOR/</path>
         <kind>object</kind>
         <file>HW_Door.obj</file>
         <name>HW_Door.obj</name>
      </input_file>
      <input_file id="fl-d">
         <path>./HARDWARE/HW_FAN_EXTERNAL/</path>
         <kind>object</kind>
         <file>HW_Fan_External.obj</file>
         <name>HW_Fan_External.obj</name>
      </input_file>
      <input_file id="fl-e">
         <path>./HARDWARE/HW_FAN_INTERNAL/</path>
         <kind>object</kind>
         <file>HW_Fan_Internal.obj</file>
         <name>HW_Fan_Internal.obj</name>
      </input_file>
      <input_file id="fl-f">
         <path>./HARDWARE/HW_HEARTBEAT/</path>
         <kind>object</kind>
         <file>HW_Heartbeat.obj</file>
         <name>HW_Heartbeat.obj</name>
      </input_file>
      <input_file id="fl-10">
         <path>./HARDWARE/HW_HUMIDIFIER/</path>
         <kind>object</kind>
         <file>HW_Humidifier.obj</file>
         <name>HW_Humidifier.obj</name>
      </input_file>
      <input_file id="fl-11">
         <path>./HARDWARE/HW_LIGHT/</path>
         <kind>object</kind>
         <file>HW_Light.obj</file>
         <name>HW_Light.obj</name>
      </input_file>
      <input_file id="fl-12">
         <path>./HARDWARE/HW_VENT/</path>
         <kind>object</kind>
         <file>HW_Vent.obj</file>
         <name>HW_Vent.obj</name>
      </input_file>
      <input_file id="fl-18">
         <kind>object</kind>
         <file>&lt;internal&gt;</file>
         <name>&lt;internal&gt;</name>
      </input_file>
      <input_file id="fl-19">
         <path>/Applications/ti/tivaware_c_series_2_1_4_178/driverlib/ccs/Debug/</path>
         <kind>archive</kind>
         <file>driverlib.lib</file>
         <name>gpio.obj</name>
      </input_file>
      <input_file id="fl-1a">
         <path>/Applications/ti/tivaware_c_series_2_1_4_178/driverlib/ccs/Debug/</path>
         <kind>archive</kind>
         <file>driverlib.lib</file>
         <name>i2c.obj</name>
      </input_file>
      <input_file id="fl-1b">
         <path>/Applications/ti/tivaware_c_series_2_1_4_178/driverlib/ccs/Debug/</path>
         <kind>archive</kind>
         <file>driverlib.lib</file>
         <name>interrupt.obj</name>
      </input_file>
      <input_file id="fl-1c">
         <path>/Applications/ti/tivaware_c_series_2_1_4_178/driverlib/ccs/Debug/</path>
         <kind>archive</kind>
         <file>driverlib.lib</file>
         <name>pwm.obj</name>
      </input_file>
      <input_file id="fl-1d">
         <path>/Applications/ti/tivaware_c_series_2_1_4_178/driverlib/ccs/Debug/</path>
         <kind>archive</kind>
         <file>driverlib.lib</file>
         <name>sysctl.obj</name>
      </input_file>
      <input_file id="fl-1e">
         <path>/Applications/ti/tivaware_c_series_2_1_4_178/driverlib/ccs/Debug/</path>
         <kind>archive</kind>
         <file>driverlib.lib</file>
         <name>uart.obj</name>
      </input_file>
      <input_file id="fl-1f">
         <path>/Applications/ti/tivaware_c_series_2_1_4_178/driverlib/ccs/Debug/</path>
         <kind>archive</kind>
         <file>driverlib.lib</file>
         <name>cpu.obj</name>
      </input_file>
      <input_file id="fl-d5">
         <path>/Applications/ti/ccs1010/ccs/tools/compiler/ti-cgt-arm_20.2.4.LTS/lib/</path>
         <kind>archive</kind>
         <file>rtsv7M4_T_le_v4SPD16_eabi.lib</file>
         <name>u_divt2.asm.obj</name>
      </input_file>
      <input_file id="fl-d6">
         <path>/Applications/ti/ccs1010/ccs/tools/compiler/ti-cgt-arm_20.2.4.LTS/lib/</path>
         <kind>archive</kind>
         <file>rtsv7M4_T_le_v4SPD16_eabi.lib</file>
         <name>fd_mul_t2.asm.obj</name>
      </input_file>
      <input_file id="fl-d7">
         <path>/Applications/ti/ccs1010/ccs/tools/compiler/ti-cgt-arm_20.2.4.LTS/lib/</path>
         <kind>archive</kind>
         <file>rtsv7M4_T_le_v4SPD16_eabi.lib</file>
         <name>fd_tou_t2.asm.obj</name>
      </input_file>
      <input_file id="fl-d8">
         <path>/Applications/ti/ccs1010/ccs/tools/compiler/ti-cgt-arm_20.2.4.LTS/lib/</path>
         <kind>archive</kind>
         <file>rtsv7M4_T_le_v4SPD16_eabi.lib</file>
         <name>u_tofd_t2.asm.obj</name>
      </input_file>
      <input_file id="fl-d9">
         <path>/Applications/ti/ccs1010/ccs/tools/compiler/ti-cgt-arm_20.2.4.LTS/lib/</path>
         <kind>archive</kind>
         <file>rtsv7M4_T_le_v4SPD16_eabi.lib</file>
         <name>copy_zero_init.c.obj</name>
      </input_file>
      <input_file id="fl-da">
         <path>/Applications/ti/ccs1010/ccs/tools/compiler/ti-cgt-arm_20.2.4.LTS/lib/</path>
         <kind>archive</kind>
         <file>rtsv7M4_T_le_v4SPD16_eabi.lib</file>
         <name>copy_decompress_none.c.obj</name>
      </input_file>
      <input_file id="fl-db">
         <path>/Applications/ti/ccs1010/ccs/tools/compiler/ti-cgt-arm_20.2.4.LTS/lib/</path>
         <kind>archive</kind>
         <file>rtsv7M4_T_le_v4SPD16_eabi.lib</file>
         <name>copy_decompress_lzss.c.obj</name>
      </input_file>
      <input_file id="fl-dc">
         <path>/Applications/ti/ccs1010/ccs/tools/compiler/ti-cgt-arm_20.2.4.LTS/lib/</path>
         <kind>archive</kind>
         <file>rtsv7M4_T_le_v4SPD16_eabi.lib</file>
         <name>strlen.c.obj</name>
      </input_file>
      <input_file id="fl-dd">
         <path>/Applications/ti/ccs1010/ccs/tools/compiler/ti-cgt-arm_20.2.4.LTS/lib/</path>
         <kind>archive</kind>
         <file>rtsv7M4_T_le_v4SPD16_eabi.lib</file>
         <name>boot_cortex_m.c.obj</name>
      </input_file>
      <input_file id="fl-de">
         <path>/Applications/ti/ccs1010/ccs/tools/compiler/ti-cgt-arm_20.2.4.LTS/lib/</path>
         <kind>archive</kind>
         <file>rtsv7M4_T_le_v4SPD16_eabi.lib</file>
         <name>div0.asm.obj</name>
      </input_file>
      <input_file id="fl-df">
         <path>/Applications/ti/ccs1010/ccs/tools/compiler/ti-cgt-arm_20.2.4.LTS/lib/</path>
         <kind>archive</kind>
         <file>rtsv7M4_T_le_v4SPD16_eabi.lib</file>
         <name>memset_t2.asm.obj</name>
      </input_file>
      <input_file id="fl-e0">
         <path>/Applications/ti/ccs1010/ccs/tools/compiler/ti-cgt-arm_20.2.4.LTS/lib/</path>
         <kind>archive</kind>
         <file>rtsv7M4_T_le_v4SPD16_eabi.lib</file>
         <name>memcpy_t2.asm.obj</name>
      </input_file>
      <input_file id="fl-e1">
         <path>/Applications/ti/ccs1010/ccs/tools/compiler/ti-cgt-arm_20.2.4.LTS/lib/</path>
         <kind>archive</kind>
         <file>rtsv7M4_T_le_v4SPD16_eabi.lib</file>
         <name>autoinit.c.obj</name>
      </input_file>
      <input_file id="fl-e2">
         <path>/Applications/ti/ccs1010/ccs/tools/compiler/ti-cgt-arm_20.2.4.LTS/lib/</path>
         <kind>archive</kind>
         <file>rtsv7M4_T_le_v4SPD16_eabi.lib</file>
         <name>pre_init.c.obj</name>
      </input_file>
      <input_file id="fl-e3">
         <path>/Applications/ti/ccs1010/ccs/tools/compiler/ti-cgt-arm_20.2.4.LTS/lib/</path>
         <kind>archive</kind>
         <file>rtsv7M4_T_le_v4SPD16_eabi.lib</file>
         <name>cpy_tbl.c.obj</name>
      </input_file>
      <input_file id="fl-e4">
         <path>/Applications/ti/ccs1010/ccs/tools/compiler/ti-cgt-arm_20.2.4.LTS/lib/</path>
         <kind>archive</kind>
         <file>rtsv7M4_T_le_v4SPD16_eabi.lib</file>
         <name>exit.c.obj</name>
      </input_file>
      <input_file id="fl-e5">
         <path>/Applications/ti/ccs1010/ccs/tools/compiler/ti-cgt-arm_20.2.4.LTS/lib/</path>
         <kind>archive</kind>
         <file>rtsv7M4_T_le_v4SPD16_eabi.lib</file>
         <name>_lock.c.obj</name>
      </input_file>
      <input_file id="fl-e6">
         <path>/Applications/ti/ccs1010/ccs/tools/compiler/ti-cgt-arm_20.2.4.LTS/lib/</path>
         <kind>archive</kind>
         <file>rtsv7M4_T_le_v4SPD16_eabi.lib</file>
         <name>args_main.c.obj</name>
      </input_file>
   </input_file_list>
   <object_component_list>
      <object_component id="oc-12">
         <name>.intvecs</name>
         <load_address>0x0</load_address>
         <run_address>0x0</run_address>
         <size>0x26c</size>
         <input_file_ref idref="fl-3"/>
      </object_component>
      <object_component id="oc-11c">
         <name>.text</name>
         <load_address>0x26c</load_address>
         <run_address>0x26c</run_address>
         <size>0x72c</size>
         <input_file_ref idref="fl-5"/>
      </object_component>
      <object_component id="oc-2d">
         <name>.text</name>
         <load_address>0x998</load_address>
         <run_address>0x998</run_address>
         <size>0x2b4</size>
         <input_file_ref idref="fl-4"/>
      </object_component>
      <object_component id="oc-1e9">
         <name>.text:GPIOPadConfigSet</name>
         <load_address>0xc4c</load_address>
         <run_address>0xc4c</run_address>
         <size>0x132</size>
         <input_file_ref idref="fl-19"/>
      </object_component>
      <object_component id="oc-288">
         <name>.text</name>
         <load_address>0xd7e</load_address>
         <run_address>0xd7e</run_address>
         <size>0x2</size>
         <input_file_ref idref="fl-de"/>
      </object_component>
      <object_component id="oc-22f">
         <name>.text</name>
         <load_address>0xd80</load_address>
         <run_address>0xd80</run_address>
         <size>0x124</size>
         <input_file_ref idref="fl-6"/>
      </object_component>
      <object_component id="oc-1c5">
         <name>.text:SysCtlClockGet</name>
         <load_address>0xea4</load_address>
         <run_address>0xea4</run_address>
         <size>0x110</size>
         <input_file_ref idref="fl-1d"/>
      </object_component>
      <object_component id="oc-2d2">
         <name>.text</name>
         <load_address>0xfb4</load_address>
         <run_address>0xfb4</run_address>
         <size>0xfc</size>
         <input_file_ref idref="fl-d6"/>
      </object_component>
      <object_component id="oc-173">
         <name>.text</name>
         <load_address>0x10b0</load_address>
         <run_address>0x10b0</run_address>
         <size>0xbc</size>
         <input_file_ref idref="fl-7"/>
      </object_component>
      <object_component id="oc-41">
         <name>.text</name>
         <load_address>0x116c</load_address>
         <run_address>0x116c</run_address>
         <size>0x9c</size>
         <input_file_ref idref="fl-e0"/>
      </object_component>
      <object_component id="oc-2b3">
         <name>.text:IntEnable</name>
         <load_address>0x1208</load_address>
         <run_address>0x1208</run_address>
         <size>0x68</size>
         <input_file_ref idref="fl-1b"/>
      </object_component>
      <object_component id="oc-15">
         <name>.text:decompress:lzss:__TI_decompress_lzss</name>
         <load_address>0x1270</load_address>
         <run_address>0x1270</run_address>
         <size>0x68</size>
         <input_file_ref idref="fl-db"/>
      </object_component>
      <object_component id="oc-d8">
         <name>.text</name>
         <load_address>0x12d8</load_address>
         <run_address>0x12d8</run_address>
         <size>0x68</size>
         <input_file_ref idref="fl-2"/>
      </object_component>
      <object_component id="oc-116">
         <name>.text</name>
         <load_address>0x1340</load_address>
         <run_address>0x1340</run_address>
         <size>0x58</size>
         <input_file_ref idref="fl-9"/>
      </object_component>
      <object_component id="oc-98">
         <name>.text:GPIOIntTypeSet</name>
         <load_address>0x1398</load_address>
         <run_address>0x1398</run_address>
         <size>0x56</size>
         <input_file_ref idref="fl-19"/>
      </object_component>
      <object_component id="oc-1d7">
         <name>.text:I2CMasterInitExpClk</name>
         <load_address>0x13f0</load_address>
         <run_address>0x13f0</run_address>
         <size>0x4c</size>
         <input_file_ref idref="fl-1a"/>
      </object_component>
      <object_component id="oc-1b3">
         <name>.text:GPIOPinConfigure</name>
         <load_address>0x143c</load_address>
         <run_address>0x143c</run_address>
         <size>0x48</size>
         <input_file_ref idref="fl-19"/>
      </object_component>
      <object_component id="oc-187">
         <name>.text:UARTConfigSetExpClk</name>
         <load_address>0x1484</load_address>
         <run_address>0x1484</run_address>
         <size>0x46</size>
         <input_file_ref idref="fl-1e"/>
      </object_component>
      <object_component id="oc-2a7">
         <name>.text:_GPIOIntNumberGet</name>
         <load_address>0x14cc</load_address>
         <run_address>0x14cc</run_address>
         <size>0x44</size>
         <input_file_ref idref="fl-19"/>
      </object_component>
      <object_component id="oc-13b">
         <name>.text:__TI_auto_init_nobinit_nopinit:__TI_auto_init_nobinit_nopinit</name>
         <load_address>0x1510</load_address>
         <run_address>0x1510</run_address>
         <size>0x44</size>
         <input_file_ref idref="fl-e1"/>
      </object_component>
      <object_component id="oc-2d7">
         <name>.text</name>
         <load_address>0x1554</load_address>
         <run_address>0x1554</run_address>
         <size>0x44</size>
         <input_file_ref idref="fl-d7"/>
      </object_component>
      <object_component id="oc-1a8">
         <name>.text</name>
         <load_address>0x1598</load_address>
         <run_address>0x1598</run_address>
         <size>0x40</size>
         <input_file_ref idref="fl-d5"/>
      </object_component>
      <object_component id="oc-17b">
         <name>.text:SysCtlPeripheralPresent</name>
         <load_address>0x15d8</load_address>
         <run_address>0x15d8</run_address>
         <size>0x38</size>
         <input_file_ref idref="fl-1d"/>
      </object_component>
      <object_component id="oc-1ad">
         <name>.text:SysCtlPeripheralReady</name>
         <load_address>0x1610</load_address>
         <run_address>0x1610</run_address>
         <size>0x38</size>
         <input_file_ref idref="fl-1d"/>
      </object_component>
      <object_component id="oc-2ad">
         <name>.text:IntRegister</name>
         <load_address>0x1648</load_address>
         <run_address>0x1648</run_address>
         <size>0x34</size>
         <input_file_ref idref="fl-1b"/>
      </object_component>
      <object_component id="oc-181">
         <name>.text:SysCtlPeripheralEnable</name>
         <load_address>0x167c</load_address>
         <run_address>0x167c</run_address>
         <size>0x34</size>
         <input_file_ref idref="fl-1d"/>
      </object_component>
      <object_component id="oc-5f">
         <name>.text:_c_int00_noargs:_c_int00_noargs</name>
         <load_address>0x16b0</load_address>
         <run_address>0x16b0</run_address>
         <size>0x34</size>
         <input_file_ref idref="fl-dd"/>
      </object_component>
      <object_component id="oc-293">
         <name>.text:GPIODirModeSet</name>
         <load_address>0x16e4</load_address>
         <run_address>0x16e4</run_address>
         <size>0x2a</size>
         <input_file_ref idref="fl-19"/>
      </object_component>
      <object_component id="oc-207">
         <name>.text:PWMGenConfigure</name>
         <load_address>0x170e</load_address>
         <run_address>0x170e</run_address>
         <size>0x22</size>
         <input_file_ref idref="fl-1c"/>
      </object_component>
      <object_component id="oc-277">
         <name>.text:UARTDisable</name>
         <load_address>0x1730</load_address>
         <run_address>0x1730</run_address>
         <size>0x20</size>
         <input_file_ref idref="fl-1e"/>
      </object_component>
      <object_component id="oc-2cd">
         <name>.text</name>
         <load_address>0x1750</load_address>
         <run_address>0x1750</run_address>
         <size>0x20</size>
         <input_file_ref idref="fl-d8"/>
      </object_component>
      <object_component id="oc-213">
         <name>.text:PWMPulseWidthSet</name>
         <load_address>0x1770</load_address>
         <run_address>0x1770</run_address>
         <size>0x1e</size>
         <input_file_ref idref="fl-1c"/>
      </object_component>
      <object_component id="oc-4d">
         <name>.text:decompress:ZI:__TI_zero_init_nomemset:__TI_zero_init_nomemset</name>
         <load_address>0x178e</load_address>
         <run_address>0x178e</run_address>
         <size>0x1c</size>
         <input_file_ref idref="fl-d9"/>
      </object_component>
      <object_component id="oc-1f5">
         <name>.text:GPIOIntRegister</name>
         <load_address>0x17aa</load_address>
         <run_address>0x17aa</run_address>
         <size>0x18</size>
         <input_file_ref idref="fl-19"/>
      </object_component>
      <object_component id="oc-1e3">
         <name>.text:GPIOPinTypeGPIOOutput</name>
         <load_address>0x17c2</load_address>
         <run_address>0x17c2</run_address>
         <size>0x18</size>
         <input_file_ref idref="fl-19"/>
      </object_component>
      <object_component id="oc-128">
         <name>.text</name>
         <load_address>0x17da</load_address>
         <run_address>0x17da</run_address>
         <size>0x18</size>
         <input_file_ref idref="fl-10"/>
      </object_component>
      <object_component id="oc-122">
         <name>.text</name>
         <load_address>0x17f2</load_address>
         <run_address>0x17f2</run_address>
         <size>0x18</size>
         <input_file_ref idref="fl-12"/>
      </object_component>
      <object_component id="oc-201">
         <name>.text:SysCtlPWMClockSet</name>
         <load_address>0x180c</load_address>
         <run_address>0x180c</run_address>
         <size>0x14</size>
         <input_file_ref idref="fl-1d"/>
      </object_component>
      <object_component id="oc-18d">
         <name>.text:UARTEnable</name>
         <load_address>0x1820</load_address>
         <run_address>0x1820</run_address>
         <size>0x14</size>
         <input_file_ref idref="fl-1e"/>
      </object_component>
      <object_component id="oc-110">
         <name>.text:strlen</name>
         <load_address>0x1834</load_address>
         <run_address>0x1834</run_address>
         <size>0x14</size>
         <input_file_ref idref="fl-dc"/>
      </object_component>
      <object_component id="oc-1ef">
         <name>.text:GPIOPinTypeGPIOInput</name>
         <load_address>0x1848</load_address>
         <run_address>0x1848</run_address>
         <size>0x12</size>
         <input_file_ref idref="fl-19"/>
      </object_component>
      <object_component id="oc-1d1">
         <name>.text:GPIOPinTypeI2C</name>
         <load_address>0x185a</load_address>
         <run_address>0x185a</run_address>
         <size>0x12</size>
         <input_file_ref idref="fl-19"/>
      </object_component>
      <object_component id="oc-1cb">
         <name>.text:GPIOPinTypeI2CSCL</name>
         <load_address>0x186c</load_address>
         <run_address>0x186c</run_address>
         <size>0x12</size>
         <input_file_ref idref="fl-19"/>
      </object_component>
      <object_component id="oc-1fb">
         <name>.text:GPIOPinTypePWM</name>
         <load_address>0x187e</load_address>
         <run_address>0x187e</run_address>
         <size>0x12</size>
         <input_file_ref idref="fl-19"/>
      </object_component>
      <object_component id="oc-1b9">
         <name>.text:GPIOPinTypeUART</name>
         <load_address>0x1890</load_address>
         <run_address>0x1890</run_address>
         <size>0x12</size>
         <input_file_ref idref="fl-19"/>
      </object_component>
      <object_component id="oc-2c7">
         <name>.text:PWMGenPeriodGet</name>
         <load_address>0x18a2</load_address>
         <run_address>0x18a2</run_address>
         <size>0x12</size>
         <input_file_ref idref="fl-1c"/>
      </object_component>
      <object_component id="oc-21f">
         <name>.text:PWMOutputState</name>
         <load_address>0x18b4</load_address>
         <run_address>0x18b4</run_address>
         <size>0x12</size>
         <input_file_ref idref="fl-1c"/>
      </object_component>
      <object_component id="oc-20d">
         <name>.text:PWMGenPeriodSet</name>
         <load_address>0x18c6</load_address>
         <run_address>0x18c6</run_address>
         <size>0x10</size>
         <input_file_ref idref="fl-1c"/>
      </object_component>
      <object_component id="oc-86">
         <name>.text:GPIOIntDisable</name>
         <load_address>0x18d6</load_address>
         <run_address>0x18d6</run_address>
         <size>0xe</size>
         <input_file_ref idref="fl-19"/>
      </object_component>
      <object_component id="oc-8c">
         <name>.text:GPIOIntStatus</name>
         <load_address>0x18e4</load_address>
         <run_address>0x18e4</run_address>
         <size>0xe</size>
         <input_file_ref idref="fl-19"/>
      </object_component>
      <object_component id="oc-265">
         <name>.text:UARTCharGetNonBlocking</name>
         <load_address>0x18f2</load_address>
         <run_address>0x18f2</run_address>
         <size>0xe</size>
         <input_file_ref idref="fl-1e"/>
      </object_component>
      <object_component id="oc-259">
         <name>.text:UARTCharPutNonBlocking</name>
         <load_address>0x1900</load_address>
         <run_address>0x1900</run_address>
         <size>0xe</size>
         <input_file_ref idref="fl-1e"/>
      </object_component>
      <object_component id="oc-25f">
         <name>.text:UARTCharsAvail</name>
         <load_address>0x190e</load_address>
         <run_address>0x190e</run_address>
         <size>0xe</size>
         <input_file_ref idref="fl-1e"/>
      </object_component>
      <object_component id="oc-1b">
         <name>.text:decompress:none:__TI_decompress_none</name>
         <load_address>0x191c</load_address>
         <run_address>0x191c</run_address>
         <size>0xe</size>
         <input_file_ref idref="fl-da"/>
      </object_component>
      <object_component id="oc-80">
         <name>.text:GPIOIntEnable</name>
         <load_address>0x192a</load_address>
         <run_address>0x192a</run_address>
         <size>0xc</size>
         <input_file_ref idref="fl-19"/>
      </object_component>
      <object_component id="oc-219">
         <name>.text:PWMGenEnable</name>
         <load_address>0x1936</load_address>
         <run_address>0x1936</run_address>
         <size>0xc</size>
         <input_file_ref idref="fl-1c"/>
      </object_component>
      <object_component id="oc-27">
         <name>.text</name>
         <load_address>0x1942</load_address>
         <run_address>0x1942</run_address>
         <size>0xc</size>
         <input_file_ref idref="fl-3"/>
      </object_component>
      <object_component id="oc-1dd">
         <name>.text:I2CMasterEnable</name>
         <load_address>0x194e</load_address>
         <run_address>0x194e</run_address>
         <size>0xa</size>
         <input_file_ref idref="fl-1a"/>
      </object_component>
      <object_component id="oc-199">
         <name>.text:UARTCharGet</name>
         <load_address>0x1958</load_address>
         <run_address>0x1958</run_address>
         <size>0xa</size>
         <input_file_ref idref="fl-1e"/>
      </object_component>
      <object_component id="oc-193">
         <name>.text:UARTCharPut</name>
         <load_address>0x1962</load_address>
         <run_address>0x1962</run_address>
         <size>0xa</size>
         <input_file_ref idref="fl-1e"/>
      </object_component>
      <object_component id="oc-92">
         <name>.text:GPIOIntClear</name>
         <load_address>0x196c</load_address>
         <run_address>0x196c</run_address>
         <size>0x6</size>
         <input_file_ref idref="fl-19"/>
      </object_component>
      <object_component id="oc-7a">
         <name>.text:GPIOPinRead</name>
         <load_address>0x1972</load_address>
         <run_address>0x1972</run_address>
         <size>0x6</size>
         <input_file_ref idref="fl-19"/>
      </object_component>
      <object_component id="oc-74">
         <name>.text:GPIOPinWrite</name>
         <load_address>0x1978</load_address>
         <run_address>0x1978</run_address>
         <size>0x6</size>
         <input_file_ref idref="fl-19"/>
      </object_component>
      <object_component id="oc-10f">
         <name>.text:SysCtlDelay</name>
         <load_address>0x197e</load_address>
         <run_address>0x197e</run_address>
         <size>0x6</size>
         <input_file_ref idref="fl-1d"/>
      </object_component>
      <object_component id="oc-1bf">
         <name>.text:UARTClockSourceSet</name>
         <load_address>0x1984</load_address>
         <run_address>0x1984</run_address>
         <size>0x6</size>
         <input_file_ref idref="fl-1e"/>
      </object_component>
      <object_component id="oc-d2">
         <name>.text:_system_pre_init</name>
         <load_address>0x198a</load_address>
         <run_address>0x198a</run_address>
         <size>0x4</size>
         <input_file_ref idref="fl-e2"/>
      </object_component>
      <object_component id="oc-12f">
         <name>.text:abort:abort</name>
         <load_address>0x198e</load_address>
         <run_address>0x198e</run_address>
         <size>0x4</size>
         <input_file_ref idref="fl-e4"/>
      </object_component>
      <object_component id="oc-31d">
         <name>.const:g_ppui32GPIOIntMapSnowflake</name>
         <load_address>0x1994</load_address>
         <run_address>0x1994</run_address>
         <size>0xd8</size>
         <input_file_ref idref="fl-19"/>
      </object_component>
      <object_component id="oc-31a">
         <name>.const:g_ppui32GPIOIntMapBlizzard</name>
         <load_address>0x1a6c</load_address>
         <run_address>0x1a6c</run_address>
         <size>0xc0</size>
         <input_file_ref idref="fl-19"/>
      </object_component>
      <object_component id="oc-28f">
         <name>.const:g_pui32GPIOBaseAddrs</name>
         <load_address>0x1b2c</load_address>
         <run_address>0x1b2c</run_address>
         <size>0x90</size>
         <input_file_ref idref="fl-19"/>
      </object_component>
      <object_component id="oc-326">
         <name>.const</name>
         <load_address>0x1bbc</load_address>
         <run_address>0x1bbc</run_address>
         <size>0x70</size>
         <input_file_ref idref="fl-1b"/>
      </object_component>
      <object_component id="oc-29b">
         <name>.const:g_pui32Xtals</name>
         <load_address>0x1c2c</load_address>
         <run_address>0x1c2c</run_address>
         <size>0x6c</size>
         <input_file_ref idref="fl-1d"/>
      </object_component>
      <object_component id="oc-2c2">
         <name>.const:.string</name>
         <load_address>0x1c98</load_address>
         <run_address>0x1c98</run_address>
         <size>0x12</size>
         <input_file_ref idref="fl-5"/>
      </object_component>
      <object_component id="oc-1a5">
         <name>.const:g_ui32UARTBase</name>
         <load_address>0x1cac</load_address>
         <run_address>0x1cac</run_address>
         <size>0xc</size>
         <input_file_ref idref="fl-5"/>
      </object_component>
      <object_component id="oc-19f">
         <name>.const:g_ui32UARTPeriph</name>
         <load_address>0x1cb8</load_address>
         <run_address>0x1cb8</run_address>
         <size>0xc</size>
         <input_file_ref idref="fl-5"/>
      </object_component>
      <object_component id="oc-225">
         <name>.const</name>
         <load_address>0x1cc4</load_address>
         <run_address>0x1cc4</run_address>
         <size>0x4</size>
         <input_file_ref idref="fl-5"/>
      </object_component>
      <object_component id="oc-372">
         <name>__TI_handler_table</name>
         <load_address>0x1cc8</load_address>
         <run_address>0x1cc8</run_address>
         <size>0xc</size>
      </object_component>
      <object_component id="oc-374">
         <name>.cinit..vtable.load</name>
         <load_address>0x1cd8</load_address>
         <run_address>0x1cd8</run_address>
         <size>0x8</size>
      </object_component>
      <object_component id="oc-375">
         <name>.cinit..data.load</name>
         <load_address>0x1ce0</load_address>
         <run_address>0x1ce0</run_address>
         <size>0x7</size>
      </object_component>
      <object_component id="oc-373">
         <name>__TI_cinit_table</name>
         <load_address>0x1ce8</load_address>
         <run_address>0x1ce8</run_address>
         <size>0x10</size>
      </object_component>
      <object_component id="oc-321">
         <name>.vtable</name>
         <uninitialized>true</uninitialized>
         <run_address>0x20000000</run_address>
         <size>0x26c</size>
         <input_file_ref idref="fl-1b"/>
      </object_component>
      <object_component id="oc-9e">
         <name>.data</name>
         <load_address>0x20000475</load_address>
         <run_address>0x20000475</run_address>
         <size>0x1</size>
         <input_file_ref idref="fl-4"/>
      </object_component>
      <object_component id="oc-1a2">
         <name>.data</name>
         <load_address>0x20000470</load_address>
         <run_address>0x20000470</run_address>
         <size>0x5</size>
         <input_file_ref idref="fl-5"/>
      </object_component>
      <object_component id="oc-24">
         <name>.stack</name>
         <uninitialized>true</uninitialized>
         <run_address>0x20000270</run_address>
         <size>0x4</size>
         <input_file_ref idref="fl-dd"/>
      </object_component>
      <object_component id="oc-377">
         <name>.stack</name>
         <uninitialized>true</uninitialized>
         <run_address>0x20000270</run_address>
         <size>0x0</size>
      </object_component>
      <object_component id="oc-fe">
         <name>.debug_info</name>
         <load_address>0x0</load_address>
         <run_address>0x0</run_address>
         <size>0x3af</size>
         <input_file_ref idref="fl-2"/>
      </object_component>
      <object_component id="oc-d9">
         <name>.debug_info</name>
         <load_address>0x3af</load_address>
         <run_address>0x3af</run_address>
         <size>0x2a1</size>
         <input_file_ref idref="fl-2"/>
      </object_component>
      <object_component id="oc-a5">
         <name>.debug_info</name>
         <load_address>0x650</load_address>
         <run_address>0x650</run_address>
         <size>0x90</size>
         <input_file_ref idref="fl-2"/>
      </object_component>
      <object_component id="oc-2dd">
         <name>.debug_info</name>
         <load_address>0x6e0</load_address>
         <run_address>0x6e0</run_address>
         <size>0x51</size>
         <input_file_ref idref="fl-2"/>
      </object_component>
      <object_component id="oc-26c">
         <name>.debug_info</name>
         <load_address>0x731</load_address>
         <run_address>0x731</run_address>
         <size>0x50</size>
         <input_file_ref idref="fl-2"/>
      </object_component>
      <object_component id="oc-b2">
         <name>.debug_info</name>
         <load_address>0x781</load_address>
         <run_address>0x781</run_address>
         <size>0x26b</size>
         <input_file_ref idref="fl-2"/>
      </object_component>
      <object_component id="oc-3c">
         <name>.debug_info</name>
         <load_address>0x9ec</load_address>
         <run_address>0x9ec</run_address>
         <size>0x84</size>
         <input_file_ref idref="fl-2"/>
      </object_component>
      <object_component id="oc-f7">
         <name>.debug_info</name>
         <load_address>0xa70</load_address>
         <run_address>0xa70</run_address>
         <size>0x2a4</size>
         <input_file_ref idref="fl-2"/>
      </object_component>
      <object_component id="oc-aa">
         <name>.debug_info</name>
         <load_address>0xd14</load_address>
         <run_address>0xd14</run_address>
         <size>0xbb</size>
         <input_file_ref idref="fl-2"/>
      </object_component>
      <object_component id="oc-106">
         <name>.debug_info</name>
         <load_address>0xdcf</load_address>
         <run_address>0xdcf</run_address>
         <size>0x2c</size>
         <input_file_ref idref="fl-2"/>
      </object_component>
      <object_component id="oc-22a">
         <name>.debug_info</name>
         <load_address>0xdfb</load_address>
         <run_address>0xdfb</run_address>
         <size>0x2c</size>
         <input_file_ref idref="fl-2"/>
      </object_component>
      <object_component id="oc-35">
         <name>.debug_info</name>
         <load_address>0xe27</load_address>
         <run_address>0xe27</run_address>
         <size>0x2e8</size>
         <input_file_ref idref="fl-3"/>
      </object_component>
      <object_component id="oc-13">
         <name>.debug_info</name>
         <load_address>0x110f</load_address>
         <run_address>0x110f</run_address>
         <size>0xf3</size>
         <input_file_ref idref="fl-3"/>
      </object_component>
      <object_component id="oc-28">
         <name>.debug_info</name>
         <load_address>0x1202</load_address>
         <run_address>0x1202</run_address>
         <size>0x26f</size>
         <input_file_ref idref="fl-3"/>
      </object_component>
      <object_component id="oc-af">
         <name>.debug_info</name>
         <load_address>0x1471</load_address>
         <run_address>0x1471</run_address>
         <size>0x3ec</size>
         <input_file_ref idref="fl-4"/>
      </object_component>
      <object_component id="oc-2e">
         <name>.debug_info</name>
         <load_address>0x185d</load_address>
         <run_address>0x185d</run_address>
         <size>0x744</size>
         <input_file_ref idref="fl-4"/>
      </object_component>
      <object_component id="oc-a0">
         <name>.debug_info</name>
         <load_address>0x1fa1</load_address>
         <run_address>0x1fa1</run_address>
         <size>0x8b</size>
         <input_file_ref idref="fl-4"/>
      </object_component>
      <object_component id="oc-229">
         <name>.debug_info</name>
         <load_address>0x202c</load_address>
         <run_address>0x202c</run_address>
         <size>0x91b</size>
         <input_file_ref idref="fl-5"/>
      </object_component>
      <object_component id="oc-1a3">
         <name>.debug_info</name>
         <load_address>0x2947</load_address>
         <run_address>0x2947</run_address>
         <size>0x103</size>
         <input_file_ref idref="fl-5"/>
      </object_component>
      <object_component id="oc-226">
         <name>.debug_info</name>
         <load_address>0x2a4a</load_address>
         <run_address>0x2a4a</run_address>
         <size>0xfd</size>
         <input_file_ref idref="fl-5"/>
      </object_component>
      <object_component id="oc-1a6">
         <name>.debug_info</name>
         <load_address>0x2b47</load_address>
         <run_address>0x2b47</run_address>
         <size>0x10b</size>
         <input_file_ref idref="fl-5"/>
      </object_component>
      <object_component id="oc-1a0">
         <name>.debug_info</name>
         <load_address>0x2c52</load_address>
         <run_address>0x2c52</run_address>
         <size>0x10f</size>
         <input_file_ref idref="fl-5"/>
      </object_component>
      <object_component id="oc-11d">
         <name>.debug_info</name>
         <load_address>0x2d61</load_address>
         <run_address>0x2d61</run_address>
         <size>0x126d</size>
         <input_file_ref idref="fl-5"/>
      </object_component>
      <object_component id="oc-230">
         <name>.debug_info</name>
         <load_address>0x3fce</load_address>
         <run_address>0x3fce</run_address>
         <size>0x36f</size>
         <input_file_ref idref="fl-6"/>
      </object_component>
      <object_component id="oc-271">
         <name>.debug_info</name>
         <load_address>0x433d</load_address>
         <run_address>0x433d</run_address>
         <size>0x33e</size>
         <input_file_ref idref="fl-7"/>
      </object_component>
      <object_component id="oc-174">
         <name>.debug_info</name>
         <load_address>0x467b</load_address>
         <run_address>0x467b</run_address>
         <size>0x4c5</size>
         <input_file_ref idref="fl-7"/>
      </object_component>
      <object_component id="oc-17a">
         <name>.debug_info</name>
         <load_address>0x4b40</load_address>
         <run_address>0x4b40</run_address>
         <size>0x317</size>
         <input_file_ref idref="fl-9"/>
      </object_component>
      <object_component id="oc-117">
         <name>.debug_info</name>
         <load_address>0x4e57</load_address>
         <run_address>0x4e57</run_address>
         <size>0x408</size>
         <input_file_ref idref="fl-9"/>
      </object_component>
      <object_component id="oc-129">
         <name>.debug_info</name>
         <load_address>0x525f</load_address>
         <run_address>0x525f</run_address>
         <size>0x240</size>
         <input_file_ref idref="fl-10"/>
      </object_component>
      <object_component id="oc-123">
         <name>.debug_info</name>
         <load_address>0x549f</load_address>
         <run_address>0x549f</run_address>
         <size>0x1f4</size>
         <input_file_ref idref="fl-12"/>
      </object_component>
      <object_component id="oc-f0">
         <name>.debug_info</name>
         <load_address>0x5693</load_address>
         <run_address>0x5693</run_address>
         <size>0x240</size>
         <input_file_ref idref="fl-19"/>
      </object_component>
      <object_component id="oc-31b">
         <name>.debug_info</name>
         <load_address>0x58d3</load_address>
         <run_address>0x58d3</run_address>
         <size>0x167</size>
         <input_file_ref idref="fl-19"/>
      </object_component>
      <object_component id="oc-31e">
         <name>.debug_info</name>
         <load_address>0x5a3a</load_address>
         <run_address>0x5a3a</run_address>
         <size>0x169</size>
         <input_file_ref idref="fl-19"/>
      </object_component>
      <object_component id="oc-290">
         <name>.debug_info</name>
         <load_address>0x5ba3</load_address>
         <run_address>0x5ba3</run_address>
         <size>0x15b</size>
         <input_file_ref idref="fl-19"/>
      </object_component>
      <object_component id="oc-78">
         <name>.debug_info</name>
         <load_address>0x5cfe</load_address>
         <run_address>0x5cfe</run_address>
         <size>0x2a3</size>
         <input_file_ref idref="fl-19"/>
      </object_component>
      <object_component id="oc-297">
         <name>.debug_info</name>
         <load_address>0x5fa1</load_address>
         <run_address>0x5fa1</run_address>
         <size>0x2b3</size>
         <input_file_ref idref="fl-19"/>
      </object_component>
      <object_component id="oc-1ed">
         <name>.debug_info</name>
         <load_address>0x6254</load_address>
         <run_address>0x6254</run_address>
         <size>0x316</size>
         <input_file_ref idref="fl-19"/>
      </object_component>
      <object_component id="oc-1bd">
         <name>.debug_info</name>
         <load_address>0x656a</load_address>
         <run_address>0x656a</run_address>
         <size>0x27b</size>
         <input_file_ref idref="fl-19"/>
      </object_component>
      <object_component id="oc-1ff">
         <name>.debug_info</name>
         <load_address>0x67e5</load_address>
         <run_address>0x67e5</run_address>
         <size>0x279</size>
         <input_file_ref idref="fl-19"/>
      </object_component>
      <object_component id="oc-1cf">
         <name>.debug_info</name>
         <load_address>0x6a5e</load_address>
         <run_address>0x6a5e</run_address>
         <size>0x27f</size>
         <input_file_ref idref="fl-19"/>
      </object_component>
      <object_component id="oc-1d5">
         <name>.debug_info</name>
         <load_address>0x6cdd</load_address>
         <run_address>0x6cdd</run_address>
         <size>0x279</size>
         <input_file_ref idref="fl-19"/>
      </object_component>
      <object_component id="oc-1e7">
         <name>.debug_info</name>
         <load_address>0x6f56</load_address>
         <run_address>0x6f56</run_address>
         <size>0x2b7</size>
         <input_file_ref idref="fl-19"/>
      </object_component>
      <object_component id="oc-1f3">
         <name>.debug_info</name>
         <load_address>0x720d</load_address>
         <run_address>0x720d</run_address>
         <size>0x285</size>
         <input_file_ref idref="fl-19"/>
      </object_component>
      <object_component id="oc-7e">
         <name>.debug_info</name>
         <load_address>0x7492</load_address>
         <run_address>0x7492</run_address>
         <size>0x27b</size>
         <input_file_ref idref="fl-19"/>
      </object_component>
      <object_component id="oc-1b7">
         <name>.debug_info</name>
         <load_address>0x770d</load_address>
         <run_address>0x770d</run_address>
         <size>0x280</size>
         <input_file_ref idref="fl-19"/>
      </object_component>
      <object_component id="oc-2ab">
         <name>.debug_info</name>
         <load_address>0x798d</load_address>
         <run_address>0x798d</run_address>
         <size>0x298</size>
         <input_file_ref idref="fl-19"/>
      </object_component>
      <object_component id="oc-9c">
         <name>.debug_info</name>
         <load_address>0x7c25</load_address>
         <run_address>0x7c25</run_address>
         <size>0x2bb</size>
         <input_file_ref idref="fl-19"/>
      </object_component>
      <object_component id="oc-90">
         <name>.debug_info</name>
         <load_address>0x7ee0</load_address>
         <run_address>0x7ee0</run_address>
         <size>0x27f</size>
         <input_file_ref idref="fl-19"/>
      </object_component>
      <object_component id="oc-1f9">
         <name>.debug_info</name>
         <load_address>0x815f</load_address>
         <run_address>0x815f</run_address>
         <size>0x2cf</size>
         <input_file_ref idref="fl-19"/>
      </object_component>
      <object_component id="oc-84">
         <name>.debug_info</name>
         <load_address>0x842e</load_address>
         <run_address>0x842e</run_address>
         <size>0x28f</size>
         <input_file_ref idref="fl-19"/>
      </object_component>
      <object_component id="oc-8a">
         <name>.debug_info</name>
         <load_address>0x86bd</load_address>
         <run_address>0x86bd</run_address>
         <size>0x291</size>
         <input_file_ref idref="fl-19"/>
      </object_component>
      <object_component id="oc-96">
         <name>.debug_info</name>
         <load_address>0x894e</load_address>
         <run_address>0x894e</run_address>
         <size>0x28d</size>
         <input_file_ref idref="fl-19"/>
      </object_component>
      <object_component id="oc-eb">
         <name>.debug_info</name>
         <load_address>0x8bdb</load_address>
         <run_address>0x8bdb</run_address>
         <size>0x18b</size>
         <input_file_ref idref="fl-19"/>
      </object_component>
      <object_component id="oc-2a2">
         <name>.debug_info</name>
         <load_address>0x8d66</load_address>
         <run_address>0x8d66</run_address>
         <size>0x231</size>
         <input_file_ref idref="fl-1a"/>
      </object_component>
      <object_component id="oc-1df">
         <name>.debug_info</name>
         <load_address>0x8f97</load_address>
         <run_address>0x8f97</run_address>
         <size>0x24e</size>
         <input_file_ref idref="fl-1a"/>
      </object_component>
      <object_component id="oc-1d9">
         <name>.debug_info</name>
         <load_address>0x91e5</load_address>
         <run_address>0x91e5</run_address>
         <size>0x2d5</size>
         <input_file_ref idref="fl-1a"/>
      </object_component>
      <object_component id="oc-325">
         <name>.debug_info</name>
         <load_address>0x94ba</load_address>
         <run_address>0x94ba</run_address>
         <size>0x20e</size>
         <input_file_ref idref="fl-1b"/>
      </object_component>
      <object_component id="oc-327">
         <name>.debug_info</name>
         <load_address>0x96c8</load_address>
         <run_address>0x96c8</run_address>
         <size>0x210</size>
         <input_file_ref idref="fl-1b"/>
      </object_component>
      <object_component id="oc-322">
         <name>.debug_info</name>
         <load_address>0x98d8</load_address>
         <run_address>0x98d8</run_address>
         <size>0x157</size>
         <input_file_ref idref="fl-1b"/>
      </object_component>
      <object_component id="oc-2ae">
         <name>.debug_info</name>
         <load_address>0x9a2f</load_address>
         <run_address>0x9a2f</run_address>
         <size>0x2c1</size>
         <input_file_ref idref="fl-1b"/>
      </object_component>
      <object_component id="oc-2b4">
         <name>.debug_info</name>
         <load_address>0x9cf0</load_address>
         <run_address>0x9cf0</run_address>
         <size>0x268</size>
         <input_file_ref idref="fl-1b"/>
      </object_component>
      <object_component id="oc-2bd">
         <name>.debug_info</name>
         <load_address>0x9f58</load_address>
         <run_address>0x9f58</run_address>
         <size>0x1ed</size>
         <input_file_ref idref="fl-1c"/>
      </object_component>
      <object_component id="oc-214">
         <name>.debug_info</name>
         <load_address>0xa145</load_address>
         <run_address>0xa145</run_address>
         <size>0x2f6</size>
         <input_file_ref idref="fl-1c"/>
      </object_component>
      <object_component id="oc-220">
         <name>.debug_info</name>
         <load_address>0xa43b</load_address>
         <run_address>0xa43b</run_address>
         <size>0x2c4</size>
         <input_file_ref idref="fl-1c"/>
      </object_component>
      <object_component id="oc-20e">
         <name>.debug_info</name>
         <load_address>0xa6ff</load_address>
         <run_address>0xa6ff</run_address>
         <size>0x2b6</size>
         <input_file_ref idref="fl-1c"/>
      </object_component>
      <object_component id="oc-2c8">
         <name>.debug_info</name>
         <load_address>0xa9b5</load_address>
         <run_address>0xa9b5</run_address>
         <size>0x280</size>
         <input_file_ref idref="fl-1c"/>
      </object_component>
      <object_component id="oc-21a">
         <name>.debug_info</name>
         <load_address>0xac35</load_address>
         <run_address>0xac35</run_address>
         <size>0x276</size>
         <input_file_ref idref="fl-1c"/>
      </object_component>
      <object_component id="oc-208">
         <name>.debug_info</name>
         <load_address>0xaeab</load_address>
         <run_address>0xaeab</run_address>
         <size>0x2b3</size>
         <input_file_ref idref="fl-1c"/>
      </object_component>
      <object_component id="oc-275">
         <name>.debug_info</name>
         <load_address>0xb15e</load_address>
         <run_address>0xb15e</run_address>
         <size>0x298</size>
         <input_file_ref idref="fl-1d"/>
      </object_component>
      <object_component id="oc-29c">
         <name>.debug_info</name>
         <load_address>0xb3f6</load_address>
         <run_address>0xb3f6</run_address>
         <size>0x14d</size>
         <input_file_ref idref="fl-1d"/>
      </object_component>
      <object_component id="oc-1ae">
         <name>.debug_info</name>
         <load_address>0xb543</load_address>
         <run_address>0xb543</run_address>
         <size>0x27f</size>
         <input_file_ref idref="fl-1d"/>
      </object_component>
      <object_component id="oc-17c">
         <name>.debug_info</name>
         <load_address>0xb7c2</load_address>
         <run_address>0xb7c2</run_address>
         <size>0x283</size>
         <input_file_ref idref="fl-1d"/>
      </object_component>
      <object_component id="oc-182">
         <name>.debug_info</name>
         <load_address>0xba45</load_address>
         <run_address>0xba45</run_address>
         <size>0x27d</size>
         <input_file_ref idref="fl-1d"/>
      </object_component>
      <object_component id="oc-202">
         <name>.debug_info</name>
         <load_address>0xbcc2</load_address>
         <run_address>0xbcc2</run_address>
         <size>0x263</size>
         <input_file_ref idref="fl-1d"/>
      </object_component>
      <object_component id="oc-1c6">
         <name>.debug_info</name>
         <load_address>0xbf25</load_address>
         <run_address>0xbf25</run_address>
         <size>0x2b5</size>
         <input_file_ref idref="fl-1d"/>
      </object_component>
      <object_component id="oc-30a">
         <name>.debug_info</name>
         <load_address>0xc1da</load_address>
         <run_address>0xc1da</run_address>
         <size>0x5f</size>
         <input_file_ref idref="fl-1d"/>
      </object_component>
      <object_component id="oc-27e">
         <name>.debug_info</name>
         <load_address>0xc239</load_address>
         <run_address>0xc239</run_address>
         <size>0x227</size>
         <input_file_ref idref="fl-1e"/>
      </object_component>
      <object_component id="oc-18e">
         <name>.debug_info</name>
         <load_address>0xc460</load_address>
         <run_address>0xc460</run_address>
         <size>0x247</size>
         <input_file_ref idref="fl-1e"/>
      </object_component>
      <object_component id="oc-278">
         <name>.debug_info</name>
         <load_address>0xc6a7</load_address>
         <run_address>0xc6a7</run_address>
         <size>0x249</size>
         <input_file_ref idref="fl-1e"/>
      </object_component>
      <object_component id="oc-188">
         <name>.debug_info</name>
         <load_address>0xc8f0</load_address>
         <run_address>0xc8f0</run_address>
         <size>0x326</size>
         <input_file_ref idref="fl-1e"/>
      </object_component>
      <object_component id="oc-1c0">
         <name>.debug_info</name>
         <load_address>0xcc16</load_address>
         <run_address>0xcc16</run_address>
         <size>0x291</size>
         <input_file_ref idref="fl-1e"/>
      </object_component>
      <object_component id="oc-260">
         <name>.debug_info</name>
         <load_address>0xcea7</load_address>
         <run_address>0xcea7</run_address>
         <size>0x253</size>
         <input_file_ref idref="fl-1e"/>
      </object_component>
      <object_component id="oc-25a">
         <name>.debug_info</name>
         <load_address>0xd0fa</load_address>
         <run_address>0xd0fa</run_address>
         <size>0x28d</size>
         <input_file_ref idref="fl-1e"/>
      </object_component>
      <object_component id="oc-194">
         <name>.debug_info</name>
         <load_address>0xd387</load_address>
         <run_address>0xd387</run_address>
         <size>0x273</size>
         <input_file_ref idref="fl-1e"/>
      </object_component>
      <object_component id="oc-266">
         <name>.debug_info</name>
         <load_address>0xd5fa</load_address>
         <run_address>0xd5fa</run_address>
         <size>0x263</size>
         <input_file_ref idref="fl-1e"/>
      </object_component>
      <object_component id="oc-19a">
         <name>.debug_info</name>
         <load_address>0xd85d</load_address>
         <run_address>0xd85d</run_address>
         <size>0x24d</size>
         <input_file_ref idref="fl-1e"/>
      </object_component>
      <object_component id="oc-1a9">
         <name>.debug_info</name>
         <load_address>0xdaaa</load_address>
         <run_address>0xdaaa</run_address>
         <size>0x142</size>
         <input_file_ref idref="fl-d5"/>
      </object_component>
      <object_component id="oc-2d3">
         <name>.debug_info</name>
         <load_address>0xdbec</load_address>
         <run_address>0xdbec</run_address>
         <size>0x13a</size>
         <input_file_ref idref="fl-d6"/>
      </object_component>
      <object_component id="oc-2d8">
         <name>.debug_info</name>
         <load_address>0xdd26</load_address>
         <run_address>0xdd26</run_address>
         <size>0x139</size>
         <input_file_ref idref="fl-d7"/>
      </object_component>
      <object_component id="oc-2ce">
         <name>.debug_info</name>
         <load_address>0xde5f</load_address>
         <run_address>0xde5f</run_address>
         <size>0x12e</size>
         <input_file_ref idref="fl-d8"/>
      </object_component>
      <object_component id="oc-cb">
         <name>.debug_info</name>
         <load_address>0xdf8d</load_address>
         <run_address>0xdf8d</run_address>
         <size>0x2d4</size>
         <input_file_ref idref="fl-d9"/>
      </object_component>
      <object_component id="oc-4e">
         <name>.debug_info</name>
         <load_address>0xe261</load_address>
         <run_address>0xe261</run_address>
         <size>0x1d2</size>
         <input_file_ref idref="fl-d9"/>
      </object_component>
      <object_component id="oc-c6">
         <name>.debug_info</name>
         <load_address>0xe433</load_address>
         <run_address>0xe433</run_address>
         <size>0x46</size>
         <input_file_ref idref="fl-d9"/>
      </object_component>
      <object_component id="oc-4c">
         <name>.debug_info</name>
         <load_address>0xe479</load_address>
         <run_address>0xe479</run_address>
         <size>0x2a8</size>
         <input_file_ref idref="fl-da"/>
      </object_component>
      <object_component id="oc-1c">
         <name>.debug_info</name>
         <load_address>0xe721</load_address>
         <run_address>0xe721</run_address>
         <size>0x1ea</size>
         <input_file_ref idref="fl-da"/>
      </object_component>
      <object_component id="oc-47">
         <name>.debug_info</name>
         <load_address>0xe90b</load_address>
         <run_address>0xe90b</run_address>
         <size>0x46</size>
         <input_file_ref idref="fl-da"/>
      </object_component>
      <object_component id="oc-be">
         <name>.debug_info</name>
         <load_address>0xe951</load_address>
         <run_address>0xe951</run_address>
         <size>0x2c</size>
         <input_file_ref idref="fl-da"/>
      </object_component>
      <object_component id="oc-bc">
         <name>.debug_info</name>
         <load_address>0xe97d</load_address>
         <run_address>0xe97d</run_address>
         <size>0x29e</size>
         <input_file_ref idref="fl-db"/>
      </object_component>
      <object_component id="oc-16">
         <name>.debug_info</name>
         <load_address>0xec1b</load_address>
         <run_address>0xec1b</run_address>
         <size>0x250</size>
         <input_file_ref idref="fl-db"/>
      </object_component>
      <object_component id="oc-37">
         <name>.debug_info</name>
         <load_address>0xee6b</load_address>
         <run_address>0xee6b</run_address>
         <size>0x60</size>
         <input_file_ref idref="fl-db"/>
      </object_component>
      <object_component id="oc-ff">
         <name>.debug_info</name>
         <load_address>0xeecb</load_address>
         <run_address>0xeecb</run_address>
         <size>0x46</size>
         <input_file_ref idref="fl-db"/>
      </object_component>
      <object_component id="oc-b7">
         <name>.debug_info</name>
         <load_address>0xef11</load_address>
         <run_address>0xef11</run_address>
         <size>0x39</size>
         <input_file_ref idref="fl-db"/>
      </object_component>
      <object_component id="oc-172">
         <name>.debug_info</name>
         <load_address>0xef4a</load_address>
         <run_address>0xef4a</run_address>
         <size>0x28f</size>
         <input_file_ref idref="fl-dc"/>
      </object_component>
      <object_component id="oc-111">
         <name>.debug_info</name>
         <load_address>0xf1d9</load_address>
         <run_address>0xf1d9</run_address>
         <size>0x245</size>
         <input_file_ref idref="fl-dc"/>
      </object_component>
      <object_component id="oc-25">
         <name>.debug_info</name>
         <load_address>0xf41e</load_address>
         <run_address>0xf41e</run_address>
         <size>0x10b</size>
         <input_file_ref idref="fl-dd"/>
      </object_component>
      <object_component id="oc-60">
         <name>.debug_info</name>
         <load_address>0xf529</load_address>
         <run_address>0xf529</run_address>
         <size>0x1a9</size>
         <input_file_ref idref="fl-dd"/>
      </object_component>
      <object_component id="oc-289">
         <name>.debug_info</name>
         <load_address>0xf6d2</load_address>
         <run_address>0xf6d2</run_address>
         <size>0x115</size>
         <input_file_ref idref="fl-de"/>
      </object_component>
      <object_component id="oc-42">
         <name>.debug_info</name>
         <load_address>0xf7e7</load_address>
         <run_address>0xf7e7</run_address>
         <size>0x119</size>
         <input_file_ref idref="fl-e0"/>
      </object_component>
      <object_component id="oc-242">
         <name>.debug_info</name>
         <load_address>0xf900</load_address>
         <run_address>0xf900</run_address>
         <size>0x4b3</size>
         <input_file_ref idref="fl-e1"/>
      </object_component>
      <object_component id="oc-13c">
         <name>.debug_info</name>
         <load_address>0xfdb3</load_address>
         <run_address>0xfdb3</run_address>
         <size>0x1a6</size>
         <input_file_ref idref="fl-e1"/>
      </object_component>
      <object_component id="oc-2f2">
         <name>.debug_info</name>
         <load_address>0xff59</load_address>
         <run_address>0xff59</run_address>
         <size>0x39</size>
         <input_file_ref idref="fl-e1"/>
      </object_component>
      <object_component id="oc-333">
         <name>.debug_info</name>
         <load_address>0xff92</load_address>
         <run_address>0xff92</run_address>
         <size>0x39</size>
         <input_file_ref idref="fl-e1"/>
      </object_component>
      <object_component id="oc-2f7">
         <name>.debug_info</name>
         <load_address>0xffcb</load_address>
         <run_address>0xffcb</run_address>
         <size>0x39</size>
         <input_file_ref idref="fl-e1"/>
      </object_component>
      <object_component id="oc-2fc">
         <name>.debug_info</name>
         <load_address>0x10004</load_address>
         <run_address>0x10004</run_address>
         <size>0xcd</size>
         <input_file_ref idref="fl-e1"/>
      </object_component>
      <object_component id="oc-d3">
         <name>.debug_info</name>
         <load_address>0x100d1</load_address>
         <run_address>0x100d1</run_address>
         <size>0x153</size>
         <input_file_ref idref="fl-e2"/>
      </object_component>
      <object_component id="oc-130">
         <name>.debug_info</name>
         <load_address>0x10224</load_address>
         <run_address>0x10224</run_address>
         <size>0x122</size>
         <input_file_ref idref="fl-e4"/>
      </object_component>
      <object_component id="oc-378">
         <name>.debug_info</name>
         <load_address>0x10346</load_address>
         <run_address>0x10346</run_address>
         <size>0xa6</size>
      </object_component>
      <object_component id="oc-170">
         <name>.debug_line</name>
         <load_address>0x0</load_address>
         <run_address>0x0</run_address>
         <size>0x245</size>
         <input_file_ref idref="fl-2"/>
      </object_component>
      <object_component id="oc-dc">
         <name>.debug_line</name>
         <load_address>0x245</load_address>
         <run_address>0x245</run_address>
         <size>0xb6</size>
         <input_file_ref idref="fl-2"/>
      </object_component>
      <object_component id="oc-a8">
         <name>.debug_line</name>
         <load_address>0x2fb</load_address>
         <run_address>0x2fb</run_address>
         <size>0x6f</size>
         <input_file_ref idref="fl-2"/>
      </object_component>
      <object_component id="oc-2e0">
         <name>.debug_line</name>
         <load_address>0x36a</load_address>
         <run_address>0x36a</run_address>
         <size>0x6d</size>
         <input_file_ref idref="fl-2"/>
      </object_component>
      <object_component id="oc-26f">
         <name>.debug_line</name>
         <load_address>0x3d7</load_address>
         <run_address>0x3d7</run_address>
         <size>0x6f</size>
         <input_file_ref idref="fl-2"/>
      </object_component>
      <object_component id="oc-b5">
         <name>.debug_line</name>
         <load_address>0x446</load_address>
         <run_address>0x446</run_address>
         <size>0x7a</size>
         <input_file_ref idref="fl-2"/>
      </object_component>
      <object_component id="oc-3f">
         <name>.debug_line</name>
         <load_address>0x4c0</load_address>
         <run_address>0x4c0</run_address>
         <size>0x20</size>
         <input_file_ref idref="fl-2"/>
      </object_component>
      <object_component id="oc-fa">
         <name>.debug_line</name>
         <load_address>0x4e0</load_address>
         <run_address>0x4e0</run_address>
         <size>0x7e</size>
         <input_file_ref idref="fl-2"/>
      </object_component>
      <object_component id="oc-ad">
         <name>.debug_line</name>
         <load_address>0x55e</load_address>
         <run_address>0x55e</run_address>
         <size>0x7b</size>
         <input_file_ref idref="fl-2"/>
      </object_component>
      <object_component id="oc-109">
         <name>.debug_line</name>
         <load_address>0x5d9</load_address>
         <run_address>0x5d9</run_address>
         <size>0x76</size>
         <input_file_ref idref="fl-2"/>
      </object_component>
      <object_component id="oc-22d">
         <name>.debug_line</name>
         <load_address>0x64f</load_address>
         <run_address>0x64f</run_address>
         <size>0x76</size>
         <input_file_ref idref="fl-2"/>
      </object_component>
      <object_component id="oc-b1">
         <name>.debug_line</name>
         <load_address>0x6c5</load_address>
         <run_address>0x6c5</run_address>
         <size>0x41</size>
         <input_file_ref idref="fl-3"/>
      </object_component>
      <object_component id="oc-34">
         <name>.debug_line</name>
         <load_address>0x706</load_address>
         <run_address>0x706</run_address>
         <size>0x41</size>
         <input_file_ref idref="fl-3"/>
      </object_component>
      <object_component id="oc-2b">
         <name>.debug_line</name>
         <load_address>0x747</load_address>
         <run_address>0x747</run_address>
         <size>0xa1</size>
         <input_file_ref idref="fl-3"/>
      </object_component>
      <object_component id="oc-fd">
         <name>.debug_line</name>
         <load_address>0x7e8</load_address>
         <run_address>0x7e8</run_address>
         <size>0x82</size>
         <input_file_ref idref="fl-4"/>
      </object_component>
      <object_component id="oc-31">
         <name>.debug_line</name>
         <load_address>0x86a</load_address>
         <run_address>0x86a</run_address>
         <size>0x14a</size>
         <input_file_ref idref="fl-4"/>
      </object_component>
      <object_component id="oc-a3">
         <name>.debug_line</name>
         <load_address>0x9b4</load_address>
         <run_address>0x9b4</run_address>
         <size>0x20</size>
         <input_file_ref idref="fl-4"/>
      </object_component>
      <object_component id="oc-2c6">
         <name>.debug_line</name>
         <load_address>0x9d4</load_address>
         <run_address>0x9d4</run_address>
         <size>0x240</size>
         <input_file_ref idref="fl-5"/>
      </object_component>
      <object_component id="oc-285">
         <name>.debug_line</name>
         <load_address>0xc14</load_address>
         <run_address>0xc14</run_address>
         <size>0x83</size>
         <input_file_ref idref="fl-5"/>
      </object_component>
      <object_component id="oc-2c4">
         <name>.debug_line</name>
         <load_address>0xc97</load_address>
         <run_address>0xc97</run_address>
         <size>0x83</size>
         <input_file_ref idref="fl-5"/>
      </object_component>
      <object_component id="oc-287">
         <name>.debug_line</name>
         <load_address>0xd1a</load_address>
         <run_address>0xd1a</run_address>
         <size>0x83</size>
         <input_file_ref idref="fl-5"/>
      </object_component>
      <object_component id="oc-283">
         <name>.debug_line</name>
         <load_address>0xd9d</load_address>
         <run_address>0xd9d</run_address>
         <size>0x83</size>
         <input_file_ref idref="fl-5"/>
      </object_component>
      <object_component id="oc-120">
         <name>.debug_line</name>
         <load_address>0xe20</load_address>
         <run_address>0xe20</run_address>
         <size>0x40f</size>
         <input_file_ref idref="fl-5"/>
      </object_component>
      <object_component id="oc-233">
         <name>.debug_line</name>
         <load_address>0x122f</load_address>
         <run_address>0x122f</run_address>
         <size>0x86</size>
         <input_file_ref idref="fl-6"/>
      </object_component>
      <object_component id="oc-307">
         <name>.debug_line</name>
         <load_address>0x12b5</load_address>
         <run_address>0x12b5</run_address>
         <size>0x82</size>
         <input_file_ref idref="fl-7"/>
      </object_component>
      <object_component id="oc-177">
         <name>.debug_line</name>
         <load_address>0x1337</load_address>
         <run_address>0x1337</run_address>
         <size>0xb0</size>
         <input_file_ref idref="fl-7"/>
      </object_component>
      <object_component id="oc-273">
         <name>.debug_line</name>
         <load_address>0x13e7</load_address>
         <run_address>0x13e7</run_address>
         <size>0xc5</size>
         <input_file_ref idref="fl-9"/>
      </object_component>
      <object_component id="oc-11a">
         <name>.debug_line</name>
         <load_address>0x14ac</load_address>
         <run_address>0x14ac</run_address>
         <size>0xa7</size>
         <input_file_ref idref="fl-9"/>
      </object_component>
      <object_component id="oc-12c">
         <name>.debug_line</name>
         <load_address>0x1553</load_address>
         <run_address>0x1553</run_address>
         <size>0x7a</size>
         <input_file_ref idref="fl-10"/>
      </object_component>
      <object_component id="oc-126">
         <name>.debug_line</name>
         <load_address>0x15cd</load_address>
         <run_address>0x15cd</run_address>
         <size>0x6e</size>
         <input_file_ref idref="fl-12"/>
      </object_component>
      <object_component id="oc-16e">
         <name>.debug_line</name>
         <load_address>0x163b</load_address>
         <run_address>0x163b</run_address>
         <size>0x82</size>
         <input_file_ref idref="fl-19"/>
      </object_component>
      <object_component id="oc-340">
         <name>.debug_line</name>
         <load_address>0x16bd</load_address>
         <run_address>0x16bd</run_address>
         <size>0x7d</size>
         <input_file_ref idref="fl-19"/>
      </object_component>
      <object_component id="oc-342">
         <name>.debug_line</name>
         <load_address>0x173a</load_address>
         <run_address>0x173a</run_address>
         <size>0x7d</size>
         <input_file_ref idref="fl-19"/>
      </object_component>
      <object_component id="oc-314">
         <name>.debug_line</name>
         <load_address>0x17b7</load_address>
         <run_address>0x17b7</run_address>
         <size>0x7d</size>
         <input_file_ref idref="fl-19"/>
      </object_component>
      <object_component id="oc-77">
         <name>.debug_line</name>
         <load_address>0x1834</load_address>
         <run_address>0x1834</run_address>
         <size>0x92</size>
         <input_file_ref idref="fl-19"/>
      </object_component>
      <object_component id="oc-296">
         <name>.debug_line</name>
         <load_address>0x18c6</load_address>
         <run_address>0x18c6</run_address>
         <size>0x95</size>
         <input_file_ref idref="fl-19"/>
      </object_component>
      <object_component id="oc-1ec">
         <name>.debug_line</name>
         <load_address>0x195b</load_address>
         <run_address>0x195b</run_address>
         <size>0xd1</size>
         <input_file_ref idref="fl-19"/>
      </object_component>
      <object_component id="oc-1bc">
         <name>.debug_line</name>
         <load_address>0x1a2c</load_address>
         <run_address>0x1a2c</run_address>
         <size>0x93</size>
         <input_file_ref idref="fl-19"/>
      </object_component>
      <object_component id="oc-1fe">
         <name>.debug_line</name>
         <load_address>0x1abf</load_address>
         <run_address>0x1abf</run_address>
         <size>0x93</size>
         <input_file_ref idref="fl-19"/>
      </object_component>
      <object_component id="oc-1ce">
         <name>.debug_line</name>
         <load_address>0x1b52</load_address>
         <run_address>0x1b52</run_address>
         <size>0x93</size>
         <input_file_ref idref="fl-19"/>
      </object_component>
      <object_component id="oc-1d4">
         <name>.debug_line</name>
         <load_address>0x1be5</load_address>
         <run_address>0x1be5</run_address>
         <size>0x93</size>
         <input_file_ref idref="fl-19"/>
      </object_component>
      <object_component id="oc-1e6">
         <name>.debug_line</name>
         <load_address>0x1c78</load_address>
         <run_address>0x1c78</run_address>
         <size>0x99</size>
         <input_file_ref idref="fl-19"/>
      </object_component>
      <object_component id="oc-1f2">
         <name>.debug_line</name>
         <load_address>0x1d11</load_address>
         <run_address>0x1d11</run_address>
         <size>0x93</size>
         <input_file_ref idref="fl-19"/>
      </object_component>
      <object_component id="oc-7d">
         <name>.debug_line</name>
         <load_address>0x1da4</load_address>
         <run_address>0x1da4</run_address>
         <size>0x92</size>
         <input_file_ref idref="fl-19"/>
      </object_component>
      <object_component id="oc-1b6">
         <name>.debug_line</name>
         <load_address>0x1e36</load_address>
         <run_address>0x1e36</run_address>
         <size>0xa7</size>
         <input_file_ref idref="fl-19"/>
      </object_component>
      <object_component id="oc-2aa">
         <name>.debug_line</name>
         <load_address>0x1edd</load_address>
         <run_address>0x1edd</run_address>
         <size>0xa6</size>
         <input_file_ref idref="fl-19"/>
      </object_component>
      <object_component id="oc-9b">
         <name>.debug_line</name>
         <load_address>0x1f83</load_address>
         <run_address>0x1f83</run_address>
         <size>0x99</size>
         <input_file_ref idref="fl-19"/>
      </object_component>
      <object_component id="oc-8f">
         <name>.debug_line</name>
         <load_address>0x201c</load_address>
         <run_address>0x201c</run_address>
         <size>0x92</size>
         <input_file_ref idref="fl-19"/>
      </object_component>
      <object_component id="oc-1f8">
         <name>.debug_line</name>
         <load_address>0x20ae</load_address>
         <run_address>0x20ae</run_address>
         <size>0x99</size>
         <input_file_ref idref="fl-19"/>
      </object_component>
      <object_component id="oc-83">
         <name>.debug_line</name>
         <load_address>0x2147</load_address>
         <run_address>0x2147</run_address>
         <size>0x92</size>
         <input_file_ref idref="fl-19"/>
      </object_component>
      <object_component id="oc-89">
         <name>.debug_line</name>
         <load_address>0x21d9</load_address>
         <run_address>0x21d9</run_address>
         <size>0x92</size>
         <input_file_ref idref="fl-19"/>
      </object_component>
      <object_component id="oc-95">
         <name>.debug_line</name>
         <load_address>0x226b</load_address>
         <run_address>0x226b</run_address>
         <size>0x92</size>
         <input_file_ref idref="fl-19"/>
      </object_component>
      <object_component id="oc-ee">
         <name>.debug_line</name>
         <load_address>0x22fd</load_address>
         <run_address>0x22fd</run_address>
         <size>0x69</size>
         <input_file_ref idref="fl-19"/>
      </object_component>
      <object_component id="oc-319">
         <name>.debug_line</name>
         <load_address>0x2366</load_address>
         <run_address>0x2366</run_address>
         <size>0x82</size>
         <input_file_ref idref="fl-1a"/>
      </object_component>
      <object_component id="oc-1de">
         <name>.debug_line</name>
         <load_address>0x23e8</load_address>
         <run_address>0x23e8</run_address>
         <size>0x91</size>
         <input_file_ref idref="fl-1a"/>
      </object_component>
      <object_component id="oc-1d8">
         <name>.debug_line</name>
         <load_address>0x2479</load_address>
         <run_address>0x2479</run_address>
         <size>0xa5</size>
         <input_file_ref idref="fl-1a"/>
      </object_component>
      <object_component id="oc-346">
         <name>.debug_line</name>
         <load_address>0x251e</load_address>
         <run_address>0x251e</run_address>
         <size>0x7c</size>
         <input_file_ref idref="fl-1b"/>
      </object_component>
      <object_component id="oc-348">
         <name>.debug_line</name>
         <load_address>0x259a</load_address>
         <run_address>0x259a</run_address>
         <size>0x82</size>
         <input_file_ref idref="fl-1b"/>
      </object_component>
      <object_component id="oc-344">
         <name>.debug_line</name>
         <load_address>0x261c</load_address>
         <run_address>0x261c</run_address>
         <size>0x82</size>
         <input_file_ref idref="fl-1b"/>
      </object_component>
      <object_component id="oc-2b1">
         <name>.debug_line</name>
         <load_address>0x269e</load_address>
         <run_address>0x269e</run_address>
         <size>0xaf</size>
         <input_file_ref idref="fl-1b"/>
      </object_component>
      <object_component id="oc-2b7">
         <name>.debug_line</name>
         <load_address>0x274d</load_address>
         <run_address>0x274d</run_address>
         <size>0xc2</size>
         <input_file_ref idref="fl-1b"/>
      </object_component>
      <object_component id="oc-32b">
         <name>.debug_line</name>
         <load_address>0x280f</load_address>
         <run_address>0x280f</run_address>
         <size>0x82</size>
         <input_file_ref idref="fl-1c"/>
      </object_component>
      <object_component id="oc-217">
         <name>.debug_line</name>
         <load_address>0x2891</load_address>
         <run_address>0x2891</run_address>
         <size>0x9e</size>
         <input_file_ref idref="fl-1c"/>
      </object_component>
      <object_component id="oc-223">
         <name>.debug_line</name>
         <load_address>0x292f</load_address>
         <run_address>0x292f</run_address>
         <size>0x95</size>
         <input_file_ref idref="fl-1c"/>
      </object_component>
      <object_component id="oc-211">
         <name>.debug_line</name>
         <load_address>0x29c4</load_address>
         <run_address>0x29c4</run_address>
         <size>0x96</size>
         <input_file_ref idref="fl-1c"/>
      </object_component>
      <object_component id="oc-2cb">
         <name>.debug_line</name>
         <load_address>0x2a5a</load_address>
         <run_address>0x2a5a</run_address>
         <size>0x94</size>
         <input_file_ref idref="fl-1c"/>
      </object_component>
      <object_component id="oc-21d">
         <name>.debug_line</name>
         <load_address>0x2aee</load_address>
         <run_address>0x2aee</run_address>
         <size>0x91</size>
         <input_file_ref idref="fl-1c"/>
      </object_component>
      <object_component id="oc-20b">
         <name>.debug_line</name>
         <load_address>0x2b7f</load_address>
         <run_address>0x2b7f</run_address>
         <size>0x9b</size>
         <input_file_ref idref="fl-1c"/>
      </object_component>
      <object_component id="oc-309">
         <name>.debug_line</name>
         <load_address>0x2c1a</load_address>
         <run_address>0x2c1a</run_address>
         <size>0x13d</size>
         <input_file_ref idref="fl-1d"/>
      </object_component>
      <object_component id="oc-317">
         <name>.debug_line</name>
         <load_address>0x2d57</load_address>
         <run_address>0x2d57</run_address>
         <size>0x7f</size>
         <input_file_ref idref="fl-1d"/>
      </object_component>
      <object_component id="oc-1b1">
         <name>.debug_line</name>
         <load_address>0x2dd6</load_address>
         <run_address>0x2dd6</run_address>
         <size>0x94</size>
         <input_file_ref idref="fl-1d"/>
      </object_component>
      <object_component id="oc-17f">
         <name>.debug_line</name>
         <load_address>0x2e6a</load_address>
         <run_address>0x2e6a</run_address>
         <size>0x94</size>
         <input_file_ref idref="fl-1d"/>
      </object_component>
[...]
            </available_space>
            <allocated_space>
               <start_address>0x1994</start_address>
               <size>0x334</size>
               <logical_group_ref idref="lg-5"/>
            </allocated_space>
            <allocated_space>
               <start_address>0x1cc8</start_address>
               <size>0x30</size>
               <logical_group_ref idref="lg-6"/>
            </allocated_space>
            <available_space>
               <start_address>0x1cf8</start_address>
               <size>0x3e308</size>
            </available_space>
         </usage_details>
      </memory_area>
      <memory_area display="yes" color="green">
         <name>SRAM</name>
         <page_id>0x0</page_id>
         <origin>0x20000000</origin>
         <length>0x8000</length>
         <used_space>0x472</used_space>
         <unused_space>0x7b8e</unused_space>
         <attributes>RWX</attributes>
         <usage_details>
            <allocated_space>
               <start_address>0x20000000</start_address>
               <size>0x0</size>
               <logical_group_ref idref="lg-34b"/>
            </allocated_space>
            <allocated_space>
               <start_address>0x20000000</start_address>
               <size>0x26c</size>
               <logical_group_ref idref="lg-9"/>
            </allocated_space>
            <available_space>
               <start_address>0x2000026c</start_address>
               <size>0x4</size>
            </available_space>
            <allocated_space>
               <start_address>0x20000270</start_address>
               <size>0x200</size>
               <logical_group_ref idref="lg-d"/>
            </allocated_space>
            <allocated_space>
               <start_address>0x20000470</start_address>
               <size>0x6</size>
               <logical_group_ref idref="lg-a"/>
            </allocated_space>
            <available_space>
               <start_address>0x20000476</start_address>
               <size>0x7b8a</size>
            </available_space>
         </usage_details>
      </memory_area>
   </placement_map>
   <cptbl_list>
      <cptbl>
         <name>__TI_cinit_table</name>
         <cprec>
            <name>.vtable</name>
            <load_address>0x1cd8</load_address>
            <load_size>0x8</load_size>
            <run_address>0x20000000</run_address>
            <run_size>0x26c</run_size>
            <compression>zero_init</compression>
         </cprec>
         <cprec>
            <name>.data</name>
            <load_address>0x1ce0</load_address>
            <load_size>0x7</load_size>
            <run_address>0x20000470</run_address>
            <run_size>0x6</run_size>
            <compression>lzss</compression>
         </cprec>
      </cptbl>
   </cptbl_list>
   <handler_table>
      <handler_table_name>__TI_handler_table</handler_table_name>
      <handler>
         <index>0x0</index>
         <name>__TI_zero_init</name>
      </handler>
      <handler>
         <index>0x1</index>
         <name>__TI_decompress_lzss</name>
      </handler>
      <handler>
         <index>0x2</index>
         <name>__TI_decompress_none</name>
      </handler>
   </handler_table>
   <symbol_table>
      <symbol id="sm-1">
         <name>__STACK_TOP</name>
         <value>0x20000470</value>
      </symbol>
      <symbol id="sm-2">
         <name>__start___llvm_prf_cnts</name>
         <value>0x20000000</value>
      </symbol>
      <symbol id="sm-3">
         <name>__stop___llvm_prf_cnts</name>
         <value>0x20000000</value>
      </symbol>
      <symbol id="sm-4">
         <name>__TI_CINIT_Base</name>
         <value>0x1ce8</value>
      </symbol>
      <symbol id="sm-5">
         <name>__TI_CINIT_Limit</name>
         <value>0x1cf8</value>
      </symbol>
      <symbol id="sm-6">
         <name>__TI_Handler_Table_Base</name>
         <value>0x1cc8</value>
      </symbol>
      <symbol id="sm-7">
         <name>__TI_Handler_Table_Limit</name>
         <value>0x1cd4</value>
      </symbol>
      <symbol id="sm-8">
         <name>binit</name>
         <value>0xffffffff</value>
      </symbol>
      <symbol id="sm-9">
         <name>__binit__</name>
         <value>0xffffffff</value>
      </symbol>
      <symbol id="sm-a">
         <name>__STACK_SIZE</name>
         <value>0x200</value>
      </symbol>
      <symbol id="sm-b">
         <name>__STACK_END</name>
         <value>0x20000470</value>
      </symbol>
      <symbol id="sm-c">
         <name>__c_args__</name>
         <value>0xffffffff</value>
      </symbol>
      <symbol id="sm-d">
         <name>__TI_pprof_out_hndl</name>
         <value>0xffffffff</value>
      </symbol>
      <symbol id="sm-e">
         <name>__TI_prof_data_start</name>
         <value>0xffffffff</value>
      </symbol>
      <symbol id="sm-f">
         <name>__TI_prof_data_size</name>
         <value>0xffffffff</value>
      </symbol>
      <symbol id="sm-68">
         <name>main</name>
         <value>0x1305</value>
         <object_component_ref idref="oc-d8"/>
      </symbol>
      <symbol id="sm-69">
         <name>TST_Run</name>
         <value>0x12d9</value>
         <object_component_ref idref="oc-d8"/>
      </symbol>
      <symbol id="sm-85">
         <name>ResetISR</name>
         <value>0x1943</value>
         <object_component_ref idref="oc-27"/>
      </symbol>
      <symbol id="sm-86">
         <name>g_pfnVectors</name>
         <value>0x0</value>
         <object_component_ref idref="oc-12"/>
      </symbol>
      <symbol id="sm-d7">
         <name>DRV_Gpio_Enable_Interrupt</name>
         <value>0xba9</value>
         <object_component_ref idref="oc-2d"/>
      </symbol>
      <symbol id="sm-d8">
         <name>DRV_Gpio_Is_High</name>
         <value>0xae3</value>
         <object_component_ref idref="oc-2d"/>
      </symbol>
      <symbol id="sm-d9">
         <name>DRV_Gpio_PortE_Handler</name>
         <value>0xbe5</value>
         <object_component_ref idref="oc-2d"/>
      </symbol>
      <symbol id="sm-da">
         <name>DRV_Gpio_Set_High</name>
         <value>0x999</value>
         <object_component_ref idref="oc-2d"/>
      </symbol>
      <symbol id="sm-db">
         <name>DRV_Gpio_Disable_Interrupt</name>
         <value>0xbc7</value>
         <object_component_ref idref="oc-2d"/>
      </symbol>
      <symbol id="sm-dc">
         <name>DRV_Gpio_Set_Low</name>
         <value>0xa3f</value>
         <object_component_ref idref="oc-2d"/>
      </symbol>
      <symbol id="sm-172">
         <name>DRV_Initialize</name>
         <value>0x6fb</value>
         <object_component_ref idref="oc-11c"/>
      </symbol>
      <symbol id="sm-173">
         <name>UARTgetc</name>
         <value>0x3b3</value>
         <object_component_ref idref="oc-11c"/>
      </symbol>
      <symbol id="sm-174">
         <name>UARTgets</name>
         <value>0x2f9</value>
         <object_component_ref idref="oc-11c"/>
      </symbol>
      <symbol id="sm-175">
         <name>UARTStdioConfig</name>
         <value>0x26d</value>
         <object_component_ref idref="oc-11c"/>
      </symbol>
      <symbol id="sm-176">
         <name>UARTwrite</name>
         <value>0x2b3</value>
         <object_component_ref idref="oc-11c"/>
      </symbol>
      <symbol id="sm-177">
         <name>UARTprintf</name>
         <value>0x6d3</value>
         <object_component_ref idref="oc-11c"/>
      </symbol>
      <symbol id="sm-178">
         <name>UARTvprintf</name>
         <value>0x3d9</value>
         <object_component_ref idref="oc-11c"/>
      </symbol>
      <symbol id="sm-18e">
         <name>DRV_Pwm_Set_Duty_Cycle</name>
         <value>0xd81</value>
         <object_component_ref idref="oc-22f"/>
      </symbol>
      <symbol id="sm-1a4">
         <name>DRV_Uart_Receive_Byte</name>
         <value>0x10f5</value>
         <object_component_ref idref="oc-173"/>
      </symbol>
      <symbol id="sm-1a5">
         <name>DRV_Uart_Send_Bytes</name>
         <value>0x10b1</value>
         <object_component_ref idref="oc-173"/>
      </symbol>
      <symbol id="sm-1a6">
         <name>DRV_Uart_Receive_Bytes</name>
         <value>0x1111</value>
         <object_component_ref idref="oc-173"/>
      </symbol>
      <symbol id="sm-1b9">
         <name>HW_Server_Send</name>
         <value>0x1341</value>
         <object_component_ref idref="oc-116"/>
      </symbol>
      <symbol id="sm-1ba">
         <name>HW_Server_Print</name>
         <value>0x137f</value>
         <object_component_ref idref="oc-116"/>
      </symbol>
      <symbol id="sm-1bb">
         <name>HW_Server_Send_Single</name>
         <value>0x1365</value>
         <object_component_ref idref="oc-116"/>
      </symbol>
      <symbol id="sm-1cc">
         <name>HW_Humidifier_Off</name>
         <value>0x17e7</value>
         <object_component_ref idref="oc-128"/>
      </symbol>
      <symbol id="sm-1cd">
         <name>HW_Humidifier_On</name>
         <value>0x17db</value>
         <object_component_ref idref="oc-128"/>
      </symbol>
      <symbol id="sm-1d9">
         <name>HW_Vent_Close</name>
         <value>0x17ff</value>
         <object_component_ref idref="oc-122"/>
      </symbol>
      <symbol id="sm-1da">
         <name>HW_Vent_Open</name>
         <value>0x17f3</value>
         <object_component_ref idref="oc-122"/>
      </symbol>
      <symbol id="sm-298">
         <name>GPIOPinTypePWM</name>
         <value>0x187f</value>
         <object_component_ref idref="oc-1fb"/>
      </symbol>
      <symbol id="sm-299">
         <name>GPIOIntRegister</name>
         <value>0x17ab</value>
         <object_component_ref idref="oc-1f5"/>
      </symbol>
      <symbol id="sm-29a">
         <name>GPIOPinConfigure</name>
         <value>0x143d</value>
         <object_component_ref idref="oc-1b3"/>
      </symbol>
      <symbol id="sm-29b">
         <name>GPIOPinTypeI2CSCL</name>
         <value>0x186d</value>
         <object_component_ref idref="oc-1cb"/>
      </symbol>
      <symbol id="sm-29c">
         <name>GPIOIntDisable</name>
         <value>0x18d7</value>
         <object_component_ref idref="oc-86"/>
      </symbol>
      <symbol id="sm-29d">
         <name>GPIOIntEnable</name>
         <value>0x192b</value>
         <object_component_ref idref="oc-80"/>
      </symbol>
      <symbol id="sm-29e">
         <name>GPIOPinTypeI2C</name>
         <value>0x185b</value>
         <object_component_ref idref="oc-1d1"/>
      </symbol>
      <symbol id="sm-29f">
         <name>GPIOIntTypeSet</name>
         <value>0x1399</value>
         <object_component_ref idref="oc-98"/>
      </symbol>
      <symbol id="sm-2a0">
         <name>GPIOPinTypeGPIOInput</name>
         <value>0x1849</value>
         <object_component_ref idref="oc-1ef"/>
      </symbol>
      <symbol id="sm-2a1">
         <name>GPIOIntClear</name>
         <value>0x196d</value>
         <object_component_ref idref="oc-92"/>
      </symbol>
      <symbol id="sm-2a2">
         <name>GPIOPinTypeUART</name>
         <value>0x1891</value>
         <object_component_ref idref="oc-1b9"/>
      </symbol>
      <symbol id="sm-2a3">
         <name>GPIOIntStatus</name>
         <value>0x18e5</value>
         <object_component_ref idref="oc-8c"/>
      </symbol>
      <symbol id="sm-2a4">
         <name>GPIOPinTypeGPIOOutput</name>
         <value>0x17c3</value>
         <object_component_ref idref="oc-1e3"/>
      </symbol>
      <symbol id="sm-2a5">
         <name>GPIOPinRead</name>
         <value>0x1973</value>
         <object_component_ref idref="oc-7a"/>
      </symbol>
      <symbol id="sm-2a6">
         <name>GPIODirModeSet</name>
         <value>0x16e5</value>
         <object_component_ref idref="oc-293"/>
      </symbol>
      <symbol id="sm-2a7">
         <name>GPIOPinWrite</name>
         <value>0x1979</value>
         <object_component_ref idref="oc-74"/>
      </symbol>
      <symbol id="sm-2a8">
         <name>GPIOPadConfigSet</name>
         <value>0xc4d</value>
         <object_component_ref idref="oc-1e9"/>
      </symbol>
      <symbol id="sm-2c1">
         <name>I2CMasterInitExpClk</name>
         <value>0x13f1</value>
         <object_component_ref idref="oc-1d7"/>
      </symbol>
      <symbol id="sm-2c2">
         <name>I2CMasterEnable</name>
         <value>0x194f</value>
         <object_component_ref idref="oc-1dd"/>
      </symbol>
      <symbol id="sm-2fb">
         <name>IntEnable</name>
         <value>0x1209</value>
         <object_component_ref idref="oc-2b3"/>
      </symbol>
      <symbol id="sm-2fc">
         <name>IntRegister</name>
         <value>0x1649</value>
         <object_component_ref idref="oc-2ad"/>
      </symbol>
      <symbol id="sm-2fd">
         <name>g_pfnRAMVectors</name>
         <value>0x20000000</value>
         <object_component_ref idref="oc-321"/>
      </symbol>
      <symbol id="sm-332">
         <name>PWMGenPeriodSet</name>
         <value>0x18c7</value>
         <object_component_ref idref="oc-20d"/>
      </symbol>
      <symbol id="sm-333">
         <name>PWMPulseWidthSet</name>
         <value>0x1771</value>
         <object_component_ref idref="oc-213"/>
      </symbol>
      <symbol id="sm-334">
         <name>PWMGenPeriodGet</name>
         <value>0x18a3</value>
         <object_component_ref idref="oc-2c7"/>
      </symbol>
      <symbol id="sm-335">
         <name>PWMOutputState</name>
         <value>0x18b5</value>
         <object_component_ref idref="oc-21f"/>
      </symbol>
      <symbol id="sm-336">
         <name>PWMGenEnable</name>
         <value>0x1937</value>
         <object_component_ref idref="oc-219"/>
      </symbol>
      <symbol id="sm-337">
         <name>PWMGenConfigure</name>
         <value>0x170f</value>
         <object_component_ref idref="oc-207"/>
      </symbol>
      <symbol id="sm-393">
         <name>SysCtlPeripheralPresent</name>
         <value>0x15d9</value>
         <object_component_ref idref="oc-17b"/>
      </symbol>
      <symbol id="sm-394">
         <name>SysCtlDelay</name>
         <value>0x197f</value>
         <object_component_ref idref="oc-10f"/>
      </symbol>
      <symbol id="sm-395">
         <name>SysCtlPeripheralEnable</name>
         <value>0x167d</value>
         <object_component_ref idref="oc-181"/>
      </symbol>
      <symbol id="sm-396">
         <name>SysCtlClockGet</name>
         <value>0xea5</value>
         <object_component_ref idref="oc-1c5"/>
      </symbol>
      <symbol id="sm-397">
         <name>SysCtlPWMClockSet</name>
         <value>0x180d</value>
         <object_component_ref idref="oc-201"/>
      </symbol>
      <symbol id="sm-398">
         <name>SysCtlPeripheralReady</name>
         <value>0x1611</value>
         <object_component_ref idref="oc-1ad"/>
      </symbol>
      <symbol id="sm-3eb">
         <name>UARTCharPutNonBlocking</name>
         <value>0x1901</value>
         <object_component_ref idref="oc-259"/>
      </symbol>
      <symbol id="sm-3ec">
         <name>UARTConfigSetExpClk</name>
         <value>0x1485</value>
         <object_component_ref idref="oc-187"/>
      </symbol>
      <symbol id="sm-3ed">
         <name>UARTDisable</name>
         <value>0x1731</value>
         <object_component_ref idref="oc-277"/>
      </symbol>
      <symbol id="sm-3ee">
         <name>UARTCharsAvail</name>
         <value>0x190f</value>
         <object_component_ref idref="oc-25f"/>
      </symbol>
      <symbol id="sm-3ef">
         <name>UARTCharGetNonBlocking</name>
         <value>0x18f3</value>
         <object_component_ref idref="oc-265"/>
      </symbol>
      <symbol id="sm-3f0">
         <name>UARTClockSourceSet</name>
         <value>0x1985</value>
         <object_component_ref idref="oc-1bf"/>
      </symbol>
      <symbol id="sm-3f1">
         <name>UARTCharPut</name>
         <value>0x1963</value>
         <object_component_ref idref="oc-193"/>
      </symbol>
      <symbol id="sm-3f2">
         <name>UARTEnable</name>
         <value>0x1821</value>
         <object_component_ref idref="oc-18d"/>
      </symbol>
      <symbol id="sm-3f3">
         <name>UARTCharGet</name>
         <value>0x1959</value>
         <object_component_ref idref="oc-199"/>
      </symbol>
      <symbol id="sm-403">
         <name>__aeabi_uidivmod</name>
         <value>0x1599</value>
         <object_component_ref idref="oc-1a8"/>
      </symbol>
      <symbol id="sm-404">
         <name>__aeabi_uidiv</name>
         <value>0x1599</value>
         <object_component_ref idref="oc-1a8"/>
      </symbol>
      <symbol id="sm-40f">
         <name>__aeabi_dmul</name>
         <value>0xfb5</value>
         <object_component_ref idref="oc-2d2"/>
      </symbol>
      <symbol id="sm-419">
         <name>__aeabi_d2uiz</name>
         <value>0x1555</value>
         <object_component_ref idref="oc-2d7"/>
      </symbol>
      <symbol id="sm-423">
         <name>__aeabi_ui2d</name>
         <value>0x1751</value>
         <object_component_ref idref="oc-2cd"/>
      </symbol>
      <symbol id="sm-437">
         <name>__TI_zero_init_nomemset</name>
         <value>0x178f</value>
         <object_component_ref idref="oc-4d"/>
      </symbol>
      <symbol id="sm-44e">
         <name>__TI_decompress_none</name>
         <value>0x191d</value>
         <object_component_ref idref="oc-1b"/>
      </symbol>
      <symbol id="sm-471">
         <name>__TI_decompress_lzss</name>
         <value>0x1271</value>
         <object_component_ref idref="oc-15"/>
      </symbol>
      <symbol id="sm-47f">
         <name>strlen</name>
         <value>0x1835</value>
         <object_component_ref idref="oc-110"/>
      </symbol>
      <symbol id="sm-492">
         <name>__stack</name>
         <value>0x20000270</value>
         <object_component_ref idref="oc-24"/>
      </symbol>
      <symbol id="sm-493">
         <name>_c_int00_noargs</name>
         <value>0x16b1</value>
         <object_component_ref idref="oc-5f"/>
      </symbol>
      <symbol id="sm-49d">
         <name>__aeabi_idiv0</name>
         <value>0xd7f</value>
         <object_component_ref idref="oc-288"/>
      </symbol>
      <symbol id="sm-49e">
         <name>__aeabi_ldiv0</name>
         <value>0xd7f</value>
         <object_component_ref idref="oc-288"/>
      </symbol>
      <symbol id="sm-4ba">
         <name>memcpy</name>
         <value>0x116d</value>
         <object_component_ref idref="oc-41"/>
      </symbol>
      <symbol id="sm-4bb">
         <name>__aeabi_memcpy</name>
         <value>0x116d</value>
         <object_component_ref idref="oc-41"/>
      </symbol>
      <symbol id="sm-4bc">
         <name>__aeabi_memcpy8</name>
         <value>0x116d</value>
         <object_component_ref idref="oc-41"/>
      </symbol>
      <symbol id="sm-4bd">
         <name>__aeabi_memcpy4</name>
         <value>0x116d</value>
         <object_component_ref idref="oc-41"/>
      </symbol>
      <symbol id="sm-4e5">
         <name>__TI_auto_init_nobinit_nopinit</name>
         <value>0x1511</value>
         <object_component_ref idref="oc-13b"/>
      </symbol>
      <symbol id="sm-4ef">
         <name>_system_pre_init</name>
         <value>0x198b</value>
         <object_component_ref idref="oc-d2"/>
      </symbol>
      <symbol id="sm-4fb">
         <name>C$$EXIT</name>
         <value>0x198f</value>
         <object_component_ref idref="oc-12f"/>
      </symbol>
      <symbol id="sm-4fc">
         <name>abort</name>
         <value>0x198f</value>
         <object_component_ref idref="oc-12f"/>
      </symbol>
      <symbol id="sm-4ff">
         <name>__TI_static_base__</name>
         <value>0x0</value>
      </symbol>
      <symbol id="sm-502">
         <name>__mpu_init</name>
         <value>0x0</value>
      </symbol>
      <symbol id="sm-503">
         <name>_system_post_cinit</name>
         <value>0x0</value>
      </symbol>
   </symbol_table>
   <title>Link successful</title>
</link_info>
