******************************************************************************
                  TI ARM Linker Unix v20.2.4                   
******************************************************************************
>> Linked Sun Mar  7 13:13:57 2021

OUTPUT FILE NAME:   <Reap_Eat_V3.out>
ENTRY POINT SYMBOL: "_c_int00_noargs"  address: 000016b1


MEMORY CONFIGURATION

         name            origin    length      used     unused   attr    fill
----------------------  --------  ---------  --------  --------  ----  --------
  FLASH                 00000000   00040000  00001cf6  0003e30a  R  X
  SRAM                  20000000   00008000  00000472  00007b8e  RW X


SEGMENT ALLOCATION MAP

run origin  load origin   length   init length attrs members
----------  ----------- ---------- ----------- ----- -------
00000000    00000000    00001cf8   00001cf8    r-x
  00000000    00000000    0000026c   0000026c    r-- .intvecs
  0000026c    0000026c    00001726   00001726    r-x .text
  00001994    00001994    00000334   00000334    r-- .const
  00001cc8    00001cc8    00000030   00000030    r-- .cinit
20000000    20000000    00000476   00000000    rw-
  20000000    20000000    0000026c   00000000    rw- .vtable
  20000270    20000270    00000200   00000000    rw- .stack
  20000470    20000470    00000006   00000000    rw- .data


SECTION ALLOCATION MAP

 output                                  attributes/
section   page    origin      length       input sections
--------  ----  ----------  ----------   ----------------
.intvecs   0    00000000    0000026c     
                  00000000    0000026c     tm4c123gh6pm_startup_ccs.obj (.intvecs)

.text      0    0000026c    00001726     
                  0000026c    0000072c     DRV_Initialization.obj (.text)
                  00000998    000002b4     DRV_Gpio.obj (.text)
                  00000c4c    00000132     driverlib.lib : gpio.obj (.text:GPIOPadConfigSet)
                  00000d7e    00000002     rtsv7M4_T_le_v4SPD16_eabi.lib : div0.asm.obj (.text)
                  00000d80    00000124     DRV_Pwm.obj (.text)
                  00000ea4    00000110     driverlib.lib : sysctl.obj (.text:SysCtlClockGet)
                  00000fb4    000000fc     rtsv7M4_T_le_v4SPD16_eabi.lib : fd_mul_t2.asm.obj (.text)
                  000010b0    000000bc     DRV_Uart.obj (.text)
                  0000116c    0000009c     rtsv7M4_T_le_v4SPD16_eabi.lib : memcpy_t2.asm.obj (.text)
                  00001208    00000068     driverlib.lib : interrupt.obj (.text:IntEnable)
                  00001270    00000068     rtsv7M4_T_le_v4SPD16_eabi.lib : copy_decompress_lzss.c.obj (.text:decompress:lzss:__TI_decompress_lzss)
                  000012d8    00000068     main.obj (.text)
                  00001340    00000058     HW_Communication.obj (.text)
                  00001398    00000056     driverlib.lib : gpio.obj (.text:GPIOIntTypeSet)
                  000013ee    00000002     --HOLE-- [fill = 0]
                  000013f0    0000004c                   : i2c.obj (.text:I2CMasterInitExpClk)
                  0000143c    00000048                   : gpio.obj (.text:GPIOPinConfigure)
                  00001484    00000046                   : uart.obj (.text:UARTConfigSetExpClk)
                  000014ca    00000002     --HOLE-- [fill = 0]
                  000014cc    00000044                   : gpio.obj (.text:_GPIOIntNumberGet)
                  00001510    00000044     rtsv7M4_T_le_v4SPD16_eabi.lib : autoinit.c.obj (.text:__TI_auto_init_nobinit_nopinit:__TI_auto_init_nobinit_nopinit)
                  00001554    00000044                                   : fd_tou_t2.asm.obj (.text)
                  00001598    00000040                                   : u_divt2.asm.obj (.text)
                  000015d8    00000038     driverlib.lib : sysctl.obj (.text:SysCtlPeripheralPresent)
                  00001610    00000038                   : sysctl.obj (.text:SysCtlPeripheralReady)
                  00001648    00000034                   : interrupt.obj (.text:IntRegister)
                  0000167c    00000034                   : sysctl.obj (.text:SysCtlPeripheralEnable)
                  000016b0    00000034     rtsv7M4_T_le_v4SPD16_eabi.lib : boot_cortex_m.c.obj (.text:_c_int00_noargs:_c_int00_noargs)
                  000016e4    0000002a     driverlib.lib : gpio.obj (.text:GPIODirModeSet)
                  0000170e    00000022                   : pwm.obj (.text:PWMGenConfigure)
                  00001730    00000020                   : uart.obj (.text:UARTDisable)
                  00001750    00000020     rtsv7M4_T_le_v4SPD16_eabi.lib : u_tofd_t2.asm.obj (.text)
                  00001770    0000001e     driverlib.lib : pwm.obj (.text:PWMPulseWidthSet)
                  0000178e    0000001c     rtsv7M4_T_le_v4SPD16_eabi.lib : copy_zero_init.c.obj (.text:decompress:ZI:__TI_zero_init_nomemset:__TI_zero_init_nomemset)
                  000017aa    00000018     driverlib.lib : gpio.obj (.text:GPIOIntRegister)
                  000017c2    00000018                   : gpio.obj (.text:GPIOPinTypeGPIOOutput)
                  000017da    00000018     HW_Humidifier.obj (.text)
                  000017f2    00000018     HW_Vent.obj (.text)
                  0000180a    00000002     --HOLE-- [fill = 0]
                  0000180c    00000014     driverlib.lib : sysctl.obj (.text:SysCtlPWMClockSet)
                  00001820    00000014                   : uart.obj (.text:UARTEnable)
                  00001834    00000014     rtsv7M4_T_le_v4SPD16_eabi.lib : strlen.c.obj (.text:strlen)
                  00001848    00000012     driverlib.lib : gpio.obj (.text:GPIOPinTypeGPIOInput)
                  0000185a    00000012                   : gpio.obj (.text:GPIOPinTypeI2C)
                  0000186c    00000012                   : gpio.obj (.text:GPIOPinTypeI2CSCL)
                  0000187e    00000012                   : gpio.obj (.text:GPIOPinTypePWM)
                  00001890    00000012                   : gpio.obj (.text:GPIOPinTypeUART)
                  000018a2    00000012                   : pwm.obj (.text:PWMGenPeriodGet)
                  000018b4    00000012                   : pwm.obj (.text:PWMOutputState)
                  000018c6    00000010                   : pwm.obj (.text:PWMGenPeriodSet)
                  000018d6    0000000e                   : gpio.obj (.text:GPIOIntDisable)
                  000018e4    0000000e                   : gpio.obj (.text:GPIOIntStatus)
                  000018f2    0000000e                   : uart.obj (.text:UARTCharGetNonBlocking)
                  00001900    0000000e                   : uart.obj (.text:UARTCharPutNonBlocking)
                  0000190e    0000000e                   : uart.obj (.text:UARTCharsAvail)
                  0000191c    0000000e     rtsv7M4_T_le_v4SPD16_eabi.lib : copy_decompress_none.c.obj (.text:decompress:none:__TI_decompress_none)
                  0000192a    0000000c     driverlib.lib : gpio.obj (.text:GPIOIntEnable)
                  00001936    0000000c                   : pwm.obj (.text:PWMGenEnable)
                  00001942    0000000c     tm4c123gh6pm_startup_ccs.obj (.text)
                  0000194e    0000000a     driverlib.lib : i2c.obj (.text:I2CMasterEnable)
                  00001958    0000000a                   : uart.obj (.text:UARTCharGet)
                  00001962    0000000a                   : uart.obj (.text:UARTCharPut)
                  0000196c    00000006                   : gpio.obj (.text:GPIOIntClear)
                  00001972    00000006                   : gpio.obj (.text:GPIOPinRead)
                  00001978    00000006                   : gpio.obj (.text:GPIOPinWrite)
                  0000197e    00000006                   : sysctl.obj (.text:SysCtlDelay)
                  00001984    00000006                   : uart.obj (.text:UARTClockSourceSet)
                  0000198a    00000004     rtsv7M4_T_le_v4SPD16_eabi.lib : pre_init.c.obj (.text:_system_pre_init)
                  0000198e    00000004                                   : exit.c.obj (.text:abort:abort)

.const     0    00001994    00000334     
                  00001994    000000d8     driverlib.lib : gpio.obj (.const:g_ppui32GPIOIntMapSnowflake)
                  00001a6c    000000c0                   : gpio.obj (.const:g_ppui32GPIOIntMapBlizzard)
                  00001b2c    00000090                   : gpio.obj (.const:g_pui32GPIOBaseAddrs)
                  00001bbc    00000070                   : interrupt.obj (.const)
                  00001c2c    0000006c                   : sysctl.obj (.const:g_pui32Xtals)
                  00001c98    00000012     DRV_Initialization.obj (.const:.string)
                  00001caa    00000002     --HOLE-- [fill = 0]
                  00001cac    0000000c     DRV_Initialization.obj (.const:g_ui32UARTBase)
                  00001cb8    0000000c     DRV_Initialization.obj (.const:g_ui32UARTPeriph)
                  00001cc4    00000004     DRV_Initialization.obj (.const)

.cinit     0    00001cc8    00000030     
                  00001cc8    0000000c     (__TI_handler_table)
                  00001cd4    00000004     --HOLE-- [fill = 0]
                  00001cd8    00000008     (.cinit..vtable.load) [load image, compression = zero_init]
                  00001ce0    00000007     (.cinit..data.load) [load image, compression = lzss]
                  00001ce7    00000001     --HOLE-- [fill = 0]
                  00001ce8    00000010     (__TI_cinit_table)

.init_array 
*          0    00000000    00000000     UNINITIALIZED

.vtable    0    20000000    0000026c     UNINITIALIZED
                  20000000    0000026c     driverlib.lib : interrupt.obj (.vtable)

.data      0    20000470    00000006     UNINITIALIZED
                  20000470    00000005     DRV_Initialization.obj (.data)
                  20000475    00000001     DRV_Gpio.obj (.data)

.stack     0    20000270    00000200     UNINITIALIZED
                  20000270    00000004     rtsv7M4_T_le_v4SPD16_eabi.lib : boot_cortex_m.c.obj (.stack)
                  20000274    000001fc     --HOLE--

__llvm_prf_cnts 
*          0    20000000    00000000     UNINITIALIZED

MODULE SUMMARY

       Module                         code   ro data   rw data
       ------                         ----   -------   -------
    ./
       tm4c123gh6pm_startup_ccs.obj   12     620       0      
       main.obj                       104    0         0      
    +--+------------------------------+------+---------+---------+
       Total:                         116    620       0      
                                                              
    ./DRIVERS/DRV_GPIO/
       DRV_Gpio.obj                   692    0         1      
    +--+------------------------------+------+---------+---------+
       Total:                         692    0         1      
                                                              
    ./DRIVERS/DRV_INITIALIZATION/
       DRV_Initialization.obj         1836   46        5      
    +--+------------------------------+------+---------+---------+
       Total:                         1836   46        5      
                                                              
    ./DRIVERS/DRV_PWM/
       DRV_Pwm.obj                    292    0         0      
    +--+------------------------------+------+---------+---------+
       Total:                         292    0         0      
                                                              
    ./DRIVERS/DRV_UART/
       DRV_Uart.obj                   188    0         0      
    +--+------------------------------+------+---------+---------+
       Total:                         188    0         0      
                                                              
    ./HARDWARE/HW_COMMUNICATION/
       HW_Communication.obj           88     0         0      
    +--+------------------------------+------+---------+---------+
       Total:                         88     0         0      
                                                              
    ./HARDWARE/HW_HUMIDIFIER/
       HW_Humidifier.obj              24     0         0      
    +--+------------------------------+------+---------+---------+
       Total:                         24     0         0      
                                                              
    ./HARDWARE/HW_VENT/
       HW_Vent.obj                    24     0         0      
    +--+------------------------------+------+---------+---------+
       Total:                         24     0         0      
                                                              
    /Applications/ti/ccs1010/ccs/tools/compiler/ti-cgt-arm_20.2.4.LTS/lib/rtsv7M4_T_le_v4SPD16_eabi.lib
       fd_mul_t2.asm.obj              252    0         0      
       memcpy_t2.asm.obj              156    0         0      
       copy_decompress_lzss.c.obj     104    0         0      
       autoinit.c.obj                 68     0         0      
       fd_tou_t2.asm.obj              68     0         0      
       u_divt2.asm.obj                64     0         0      
       boot_cortex_m.c.obj            52     0         0      
       u_tofd_t2.asm.obj              32     0         0      
       copy_zero_init.c.obj           28     0         0      
       strlen.c.obj                   20     0         0      
       copy_decompress_none.c.obj     14     0         0      
       exit.c.obj                     4      0         0      
       pre_init.c.obj                 4      0         0      
       div0.asm.obj                   2      0         0      
    +--+------------------------------+------+---------+---------+
       Total:                         868    0         0      
                                                              
    /Applications/ti/tivaware_c_series_2_1_4_178/driverlib/ccs/Debug/driverlib.lib
       gpio.obj                       770    552       0      
       interrupt.obj                  156    112       620    
       sysctl.obj                     462    108       0      
       uart.obj                       190    0         0      
       pwm.obj                        128    0         0      
       i2c.obj                        86     0         0      
    +--+------------------------------+------+---------+---------+
       Total:                         1792   772       620    
                                                              
       Stack:                         0      0         512    
       Linker Generated:              0      43        0      
    +--+------------------------------+------+---------+---------+
       Grand Total:                   5920   1481      1138   


LINKER GENERATED COPY TABLES

__TI_cinit_table @ 00001ce8 records: 2, size/record: 8, table size: 16
	.vtable: load addr=00001cd8, load size=00000008 bytes, run addr=20000000, run size=0000026c bytes, compression=zero_init
	.data: load addr=00001ce0, load size=00000007 bytes, run addr=20000470, run size=00000006 bytes, compression=lzss


LINKER GENERATED HANDLER TABLE

__TI_handler_table @ 00001cc8 records: 3, size/record: 4, table size: 12
	index: 0, handler: __TI_zero_init
	index: 1, handler: __TI_decompress_lzss
	index: 2, handler: __TI_decompress_none


GLOBAL SYMBOLS: SORTED ALPHABETICALLY BY Name 

address   name                          
-------   ----                          
0000198f  C$$EXIT                       
00000bc7  DRV_Gpio_Disable_Interrupt    
00000ba9  DRV_Gpio_Enable_Interrupt     
00000ae3  DRV_Gpio_Is_High              
00000be5  DRV_Gpio_PortE_Handler        
00000999  DRV_Gpio_Set_High             
00000a3f  DRV_Gpio_Set_Low              
000006fb  DRV_Initialize                
00000d81  DRV_Pwm_Set_Duty_Cycle        
000010f5  DRV_Uart_Receive_Byte         
00001111  DRV_Uart_Receive_Bytes        
000010b1  DRV_Uart_Send_Bytes           
000016e5  GPIODirModeSet                
0000196d  GPIOIntClear                  
000018d7  GPIOIntDisable                
0000192b  GPIOIntEnable                 
000017ab  GPIOIntRegister               
000018e5  GPIOIntStatus                 
00001399  GPIOIntTypeSet                
00000c4d  GPIOPadConfigSet              
0000143d  GPIOPinConfigure              
00001973  GPIOPinRead                   
00001849  GPIOPinTypeGPIOInput          
000017c3  GPIOPinTypeGPIOOutput         
0000185b  GPIOPinTypeI2C                
0000186d  GPIOPinTypeI2CSCL             
0000187f  GPIOPinTypePWM                
00001891  GPIOPinTypeUART               
00001979  GPIOPinWrite                  
000017e7  HW_Humidifier_Off             
000017db  HW_Humidifier_On              
0000137f  HW_Server_Print               
00001341  HW_Server_Send                
00001365  HW_Server_Send_Single         
000017ff  HW_Vent_Close                 
000017f3  HW_Vent_Open                  
0000194f  I2CMasterEnable               
000013f1  I2CMasterInitExpClk           
00001209  IntEnable                     
00001649  IntRegister                   
0000170f  PWMGenConfigure               
00001937  PWMGenEnable                  
000018a3  PWMGenPeriodGet               
000018c7  PWMGenPeriodSet               
000018b5  PWMOutputState                
00001771  PWMPulseWidthSet              
00001943  ResetISR                      
00000ea5  SysCtlClockGet                
0000197f  SysCtlDelay                   
0000180d  SysCtlPWMClockSet             
0000167d  SysCtlPeripheralEnable        
000015d9  SysCtlPeripheralPresent       
00001611  SysCtlPeripheralReady         
000012d9  TST_Run                       
00001959  UARTCharGet                   
000018f3  UARTCharGetNonBlocking        
00001963  UARTCharPut                   
00001901  UARTCharPutNonBlocking        
0000190f  UARTCharsAvail                
00001985  UARTClockSourceSet            
00001485  UARTConfigSetExpClk           
00001731  UARTDisable                   
00001821  UARTEnable                    
0000026d  UARTStdioConfig               
000003b3  UARTgetc                      
000002f9  UARTgets                      
000006d3  UARTprintf                    
000003d9  UARTvprintf                   
000002b3  UARTwrite                     
20000470  __STACK_END                   
00000200  __STACK_SIZE                  
20000470  __STACK_TOP                   
00001ce8  __TI_CINIT_Base               
00001cf8  __TI_CINIT_Limit              
00001cc8  __TI_Handler_Table_Base       
00001cd4  __TI_Handler_Table_Limit      
00001511  __TI_auto_init_nobinit_nopinit
00001271  __TI_decompress_lzss          
0000191d  __TI_decompress_none          
ffffffff  __TI_pprof_out_hndl           
ffffffff  __TI_prof_data_size           
ffffffff  __TI_prof_data_start          
00000000  __TI_static_base__            
0000178f  __TI_zero_init_nomemset       
00001555  __aeabi_d2uiz                 
00000fb5  __aeabi_dmul                  
00000d7f  __aeabi_idiv0                 
00000d7f  __aeabi_ldiv0                 
0000116d  __aeabi_memcpy                
0000116d  __aeabi_memcpy4               
0000116d  __aeabi_memcpy8               
00001751  __aeabi_ui2d                  
00001599  __aeabi_uidiv                 
00001599  __aeabi_uidivmod              
ffffffff  __binit__                     
ffffffff  __c_args__                    
UNDEFED   __mpu_init                    
20000270  __stack                       
20000000  __start___llvm_prf_cnts       
20000000  __stop___llvm_prf_cnts        
000016b1  _c_int00_noargs               
UNDEFED   _system_post_cinit            
0000198b  _system_pre_init              
0000198f  abort                         
ffffffff  binit                         
20000000  g_pfnRAMVectors               
00000000  g_pfnVectors                  
00001305  main                          
0000116d  memcpy                        
00001835  strlen                        


GLOBAL SYMBOLS: SORTED BY Symbol Address 

address   name                          
-------   ----                          
00000000  __TI_static_base__            
00000000  g_pfnVectors                  
00000200  __STACK_SIZE                  
0000026d  UARTStdioConfig               
000002b3  UARTwrite                     
000002f9  UARTgets                      
000003b3  UARTgetc                      
000003d9  UARTvprintf                   
000006d3  UARTprintf                    
000006fb  DRV_Initialize                
00000999  DRV_Gpio_Set_High             
00000a3f  DRV_Gpio_Set_Low              
00000ae3  DRV_Gpio_Is_High              
00000ba9  DRV_Gpio_Enable_Interrupt     
00000bc7  DRV_Gpio_Disable_Interrupt    
00000be5  DRV_Gpio_PortE_Handler        
00000c4d  GPIOPadConfigSet              
00000d7f  __aeabi_idiv0                 
00000d7f  __aeabi_ldiv0                 
00000d81  DRV_Pwm_Set_Duty_Cycle        
00000ea5  SysCtlClockGet                
00000fb5  __aeabi_dmul                  
000010b1  DRV_Uart_Send_Bytes           
000010f5  DRV_Uart_Receive_Byte         
00001111  DRV_Uart_Receive_Bytes        
0000116d  __aeabi_memcpy                
0000116d  __aeabi_memcpy4               
0000116d  __aeabi_memcpy8               
0000116d  memcpy                        
00001209  IntEnable                     
00001271  __TI_decompress_lzss          
000012d9  TST_Run                       
00001305  main                          
00001341  HW_Server_Send                
00001365  HW_Server_Send_Single         
0000137f  HW_Server_Print               
00001399  GPIOIntTypeSet                
000013f1  I2CMasterInitExpClk           
0000143d  GPIOPinConfigure              
00001485  UARTConfigSetExpClk           
00001511  __TI_auto_init_nobinit_nopinit
00001555  __aeabi_d2uiz                 
00001599  __aeabi_uidiv                 
00001599  __aeabi_uidivmod              
000015d9  SysCtlPeripheralPresent       
00001611  SysCtlPeripheralReady         
00001649  IntRegister                   
0000167d  SysCtlPeripheralEnable        
000016b1  _c_int00_noargs               
000016e5  GPIODirModeSet                
0000170f  PWMGenConfigure               
00001731  UARTDisable                   
00001751  __aeabi_ui2d                  
00001771  PWMPulseWidthSet              
0000178f  __TI_zero_init_nomemset       
000017ab  GPIOIntRegister               
000017c3  GPIOPinTypeGPIOOutput         
000017db  HW_Humidifier_On              
000017e7  HW_Humidifier_Off             
000017f3  HW_Vent_Open                  
000017ff  HW_Vent_Close                 
0000180d  SysCtlPWMClockSet             
00001821  UARTEnable                    
00001835  strlen                        
00001849  GPIOPinTypeGPIOInput          
0000185b  GPIOPinTypeI2C                
0000186d  GPIOPinTypeI2CSCL             
0000187f  GPIOPinTypePWM                
00001891  GPIOPinTypeUART               
000018a3  PWMGenPeriodGet               
000018b5  PWMOutputState                
000018c7  PWMGenPeriodSet               
000018d7  GPIOIntDisable                
000018e5  GPIOIntStatus                 
000018f3  UARTCharGetNonBlocking        
00001901  UARTCharPutNonBlocking        
0000190f  UARTCharsAvail                
0000191d  __TI_decompress_none          
0000192b  GPIOIntEnable                 
00001937  PWMGenEnable                  
00001943  ResetISR                      
0000194f  I2CMasterEnable               
00001959  UARTCharGet                   
00001963  UARTCharPut                   
0000196d  GPIOIntClear                  
00001973  GPIOPinRead                   
00001979  GPIOPinWrite                  
0000197f  SysCtlDelay                   
00001985  UARTClockSourceSet            
0000198b  _system_pre_init              
0000198f  C$$EXIT                       
0000198f  abort                         
00001cc8  __TI_Handler_Table_Base       
00001cd4  __TI_Handler_Table_Limit      
00001ce8  __TI_CINIT_Base               
00001cf8  __TI_CINIT_Limit              
20000000  __start___llvm_prf_cnts       
20000000  __stop___llvm_prf_cnts        
20000000  g_pfnRAMVectors               
20000270  __stack                       
20000470  __STACK_END                   
20000470  __STACK_TOP                   
ffffffff  __TI_pprof_out_hndl           
ffffffff  __TI_prof_data_size           
ffffffff  __TI_prof_data_start          
ffffffff  __binit__                     
ffffffff  __c_args__                    
ffffffff  binit                         
UNDEFED   __mpu_init                    
UNDEFED   _system_post_cinit            

[110 symbols]
